Component: ARM Compiler 5.06 update 7 (build 960) Tool: armlink [4d3601]

==============================================================================

Section Cross References

    startup_stm32g431xx.o(STACK) refers (Special) to heapauxi.o(.text) for __use_two_region_memory
    startup_stm32g431xx.o(HEAP) refers (Special) to heapauxi.o(.text) for __use_two_region_memory
    startup_stm32g431xx.o(RESET) refers (Special) to heapauxi.o(.text) for __use_two_region_memory
    startup_stm32g431xx.o(RESET) refers to startup_stm32g431xx.o(STACK) for __initial_sp
    startup_stm32g431xx.o(RESET) refers to startup_stm32g431xx.o(.text) for Reset_Handler
    startup_stm32g431xx.o(RESET) refers to stm32g4xx_it.o(i.NMI_Handler) for NMI_Handler
    startup_stm32g431xx.o(RESET) refers to stm32g4xx_it.o(i.HardFault_Handler) for HardFault_Handler
    startup_stm32g431xx.o(RESET) refers to stm32g4xx_it.o(i.MemManage_Handler) for MemManage_Handler
    startup_stm32g431xx.o(RESET) refers to stm32g4xx_it.o(i.BusFault_Handler) for BusFault_Handler
    startup_stm32g431xx.o(RESET) refers to stm32g4xx_it.o(i.UsageFault_Handler) for UsageFault_Handler
    startup_stm32g431xx.o(RESET) refers to stm32g4xx_it.o(i.SVC_Handler) for SVC_Handler
    startup_stm32g431xx.o(RESET) refers to stm32g4xx_it.o(i.DebugMon_Handler) for DebugMon_Handler
    startup_stm32g431xx.o(RESET) refers to stm32g4xx_it.o(i.PendSV_Handler) for PendSV_Handler
    startup_stm32g431xx.o(RESET) refers to stm32g4xx_it.o(i.SysTick_Handler) for SysTick_Handler
    startup_stm32g431xx.o(RESET) refers to stm32g4xx_it.o(i.USART1_IRQHandler) for USART1_IRQHandler
    startup_stm32g431xx.o(RESET) refers to stm32g4xx_it.o(i.USART2_IRQHandler) for USART2_IRQHandler
    startup_stm32g431xx.o(.text) refers (Special) to heapauxi.o(.text) for __use_two_region_memory
    startup_stm32g431xx.o(.text) refers to system_stm32g4xx.o(i.SystemInit) for SystemInit
    startup_stm32g431xx.o(.text) refers to __main.o(!!!main) for __main
    startup_stm32g431xx.o(.text) refers to startup_stm32g431xx.o(HEAP) for Heap_Mem
    startup_stm32g431xx.o(.text) refers to startup_stm32g431xx.o(STACK) for Stack_Mem
    main.o(i.SystemClock_Config) refers to rt_memclr_w.o(.text) for __aeabi_memclr4
    main.o(i.SystemClock_Config) refers to stm32g4xx_hal_pwr_ex.o(i.HAL_PWREx_ControlVoltageScaling) for HAL_PWREx_ControlVoltageScaling
    main.o(i.SystemClock_Config) refers to stm32g4xx_hal_rcc.o(i.HAL_RCC_OscConfig) for HAL_RCC_OscConfig
    main.o(i.SystemClock_Config) refers to main.o(i.Error_Handler) for Error_Handler
    main.o(i.SystemClock_Config) refers to stm32g4xx_hal_rcc.o(i.HAL_RCC_ClockConfig) for HAL_RCC_ClockConfig
    main.o(i.main) refers to stm32g4xx_hal.o(i.HAL_Init) for HAL_Init
    main.o(i.main) refers to main.o(i.SystemClock_Config) for SystemClock_Config
    main.o(i.main) refers to gpio.o(i.MX_GPIO_Init) for MX_GPIO_Init
    main.o(i.main) refers to usart.o(i.MX_USART1_UART_Init) for MX_USART1_UART_Init
    main.o(i.main) refers to usart.o(i.MX_USART2_UART_Init) for MX_USART2_UART_Init
    main.o(i.main) refers to application.o(i.Application_Init) for Application_Init
    main.o(i.main) refers to main.o(i.Error_Handler) for Error_Handler
    main.o(i.main) refers to application.o(i.Application_Task) for Application_Task
    main.o(i.main) refers to usart.o(.bss) for huart2
    usart.o(i.HAL_UART_MspDeInit) refers to stm32g4xx_hal_gpio.o(i.HAL_GPIO_DeInit) for HAL_GPIO_DeInit
    usart.o(i.HAL_UART_MspDeInit) refers to stm32g4xx_hal_cortex.o(i.HAL_NVIC_DisableIRQ) for HAL_NVIC_DisableIRQ
    usart.o(i.HAL_UART_MspInit) refers to rt_memclr_w.o(.text) for __aeabi_memclr4
    usart.o(i.HAL_UART_MspInit) refers to stm32g4xx_hal_rcc_ex.o(i.HAL_RCCEx_PeriphCLKConfig) for HAL_RCCEx_PeriphCLKConfig
    usart.o(i.HAL_UART_MspInit) refers to main.o(i.Error_Handler) for Error_Handler
    usart.o(i.HAL_UART_MspInit) refers to stm32g4xx_hal_gpio.o(i.HAL_GPIO_Init) for HAL_GPIO_Init
    usart.o(i.HAL_UART_MspInit) refers to stm32g4xx_hal_cortex.o(i.HAL_NVIC_SetPriority) for HAL_NVIC_SetPriority
    usart.o(i.HAL_UART_MspInit) refers to stm32g4xx_hal_cortex.o(i.HAL_NVIC_EnableIRQ) for HAL_NVIC_EnableIRQ
    usart.o(i.MX_USART1_UART_Init) refers to stm32g4xx_hal_uart.o(i.HAL_UART_Init) for HAL_UART_Init
    usart.o(i.MX_USART1_UART_Init) refers to main.o(i.Error_Handler) for Error_Handler
    usart.o(i.MX_USART1_UART_Init) refers to stm32g4xx_hal_uart_ex.o(i.HAL_UARTEx_SetTxFifoThreshold) for HAL_UARTEx_SetTxFifoThreshold
    usart.o(i.MX_USART1_UART_Init) refers to stm32g4xx_hal_uart_ex.o(i.HAL_UARTEx_SetRxFifoThreshold) for HAL_UARTEx_SetRxFifoThreshold
    usart.o(i.MX_USART1_UART_Init) refers to stm32g4xx_hal_uart_ex.o(i.HAL_UARTEx_DisableFifoMode) for HAL_UARTEx_DisableFifoMode
    usart.o(i.MX_USART1_UART_Init) refers to usart.o(.bss) for huart1
    usart.o(i.MX_USART2_UART_Init) refers to stm32g4xx_hal_uart.o(i.HAL_UART_Init) for HAL_UART_Init
[...]
    ../Drivers/STM32G4xx_HAL_Driver/Src/stm32g4xx_hal_uart.c 0x00000000   Number         0  stm32g4xx_hal_uart.o ABSOLUTE
    ../Drivers/STM32G4xx_HAL_Driver/Src/stm32g4xx_hal_uart_ex.c 0x00000000   Number         0  stm32g4xx_hal_uart_ex.o ABSOLUTE
    ../clib/angel/boardlib.s                 0x00000000   Number         0  boardshut.o ABSOLUTE
    ../clib/angel/boardlib.s                 0x00000000   Number         0  boardinit2.o ABSOLUTE
    ../clib/angel/boardlib.s                 0x00000000   Number         0  boardinit3.o ABSOLUTE
    ../clib/angel/boardlib.s                 0x00000000   Number         0  boardinit1.o ABSOLUTE
    ../clib/angel/handlers.s                 0x00000000   Number         0  __scatter_zi.o ABSOLUTE
    ../clib/angel/handlers.s                 0x00000000   Number         0  __scatter_copy.o ABSOLUTE
    ../clib/angel/kernel.s                   0x00000000   Number         0  __rtentry.o ABSOLUTE
    ../clib/angel/kernel.s                   0x00000000   Number         0  __rtentry2.o ABSOLUTE
    ../clib/angel/kernel.s                   0x00000000   Number         0  rtexit2.o ABSOLUTE
    ../clib/angel/kernel.s                   0x00000000   Number         0  __rtentry4.o ABSOLUTE
    ../clib/angel/kernel.s                   0x00000000   Number         0  rtexit.o ABSOLUTE
    ../clib/angel/rt.s                       0x00000000   Number         0  aeabi_ldiv0.o ABSOLUTE
    ../clib/angel/rt.s                       0x00000000   Number         0  rt_raise.o ABSOLUTE
    ../clib/angel/rt.s                       0x00000000   Number         0  aeabi_ldiv0_sigfpe.o ABSOLUTE
    ../clib/angel/rt.s                       0x00000000   Number         0  rt_div0.o ABSOLUTE
    ../clib/angel/scatter.s                  0x00000000   Number         0  __scatter.o ABSOLUTE
    ../clib/angel/startup.s                  0x00000000   Number         0  __main.o ABSOLUTE
    ../clib/angel/sys.s                      0x00000000   Number         0  sys_stackheap_outer.o ABSOLUTE
    ../clib/angel/sys.s                      0x00000000   Number         0  use_no_semi.o ABSOLUTE
    ../clib/angel/sys.s                      0x00000000   Number         0  indicate_semi.o ABSOLUTE
    ../clib/angel/sys.s                      0x00000000   Number         0  libspace.o ABSOLUTE
    ../clib/angel/sysapp.c                   0x00000000   Number         0  sys_command.o ABSOLUTE
    ../clib/angel/sysapp.c                   0x00000000   Number         0  sys_exit.o ABSOLUTE
    ../clib/angel/sysapp.c                   0x00000000   Number         0  sys_wrch.o ABSOLUTE
    ../clib/armsys.c                         0x00000000   Number         0  argv_veneer.o ABSOLUTE
    ../clib/armsys.c                         0x00000000   Number         0  argv_veneer.o ABSOLUTE
    ../clib/armsys.c                         0x00000000   Number         0  no_argv.o ABSOLUTE
    ../clib/armsys.c                         0x00000000   Number         0  _get_argv_nomalloc.o ABSOLUTE
    ../clib/heapalloc.c                      0x00000000   Number         0  hrguard.o ABSOLUTE
    ../clib/heapaux.c                        0x00000000   Number         0  heapauxi.o ABSOLUTE
    ../clib/libinit.s                        0x00000000   Number         0  libshutdown.o ABSOLUTE
    ../clib/libinit.s                        0x00000000   Number         0  libshutdown2.o ABSOLUTE
    ../clib/libinit.s                        0x00000000   Number         0  libinit2.o ABSOLUTE
    ../clib/libinit.s                        0x00000000   Number         0  libinit.o ABSOLUTE
    ../clib/longlong.s                       0x00000000   Number         0  lludivv7m.o ABSOLUTE
    ../clib/memcpset.s                       0x00000000   Number         0  rt_memclr_w.o ABSOLUTE
    ../clib/memcpset.s                       0x00000000   Number         0  rt_memcpy_w.o ABSOLUTE
    ../clib/signal.c                         0x00000000   Number         0  defsig_abrt_inner.o ABSOLUTE
    ../clib/signal.c                         0x00000000   Number         0  defsig_general.o ABSOLUTE
    ../clib/signal.c                         0x00000000   Number         0  defsig_exit.o ABSOLUTE
    ../clib/signal.c                         0x00000000   Number         0  defsig_other.o ABSOLUTE
    ../clib/signal.c                         0x00000000   Number         0  defsig_fpe_formal.o ABSOLUTE
    ../clib/signal.c                         0x00000000   Number         0  defsig_segv_inner.o ABSOLUTE
    ../clib/signal.c                         0x00000000   Number         0  defsig_pvfn_inner.o ABSOLUTE
    ../clib/signal.c                         0x00000000   Number         0  defsig_fpe_inner.o ABSOLUTE
    ../clib/signal.c                         0x00000000   Number         0  defsig_cppl_inner.o ABSOLUTE
    ../clib/signal.c                         0x00000000   Number         0  defsig_stak_inner.o ABSOLUTE
    ../clib/signal.c                         0x00000000   Number         0  defsig_rtmem_formal.o ABSOLUTE
    ../clib/signal.c                         0x00000000   Number         0  defsig_rtmem_outer.o ABSOLUTE
    ../clib/signal.c                         0x00000000   Number         0  defsig_rtmem_inner.o ABSOLUTE
    ../clib/signal.c                         0x00000000   Number         0  defsig_rtred_inner.o ABSOLUTE
    ../clib/signal.c                         0x00000000   Number         0  defsig_fpe_outer.o ABSOLUTE
    ../clib/signal.c                         0x00000000   Number         0  __raise.o ABSOLUTE
    ../clib/signal.s                         0x00000000   Number         0  defsig.o ABSOLUTE
    ../clib/stdlib.c                         0x00000000   Number         0  exit.o ABSOLUTE
    ../clib/string.c                         0x00000000   Number         0  memcmp.o ABSOLUTE
    ../fplib/fpinit.s                        0x00000000   Number         0  fpinit.o ABSOLUTE
    ..\Core\Src\application.c                0x00000000   Number         0  application.o ABSOLUTE
    ..\Core\Src\control.c                    0x00000000   Number         0  control.o ABSOLUTE
    ..\Core\Src\gpio.c                       0x00000000   Number         0  gpio.o ABSOLUTE
    ..\Core\Src\k230_link.c                  0x00000000   Number         0  k230_link.o ABSOLUTE
    ..\Core\Src\main.c                       0x00000000   Number         0  main.o ABSOLUTE
    ..\Core\Src\motor.c                      0x00000000   Number         0  motor.o ABSOLUTE
    ..\Core\Src\stm32g4xx_hal_msp.c          0x00000000   Number         0  stm32g4xx_hal_msp.o ABSOLUTE
    ..\Core\Src\stm32g4xx_it.c               0x00000000   Number         0  stm32g4xx_it.o ABSOLUTE
    ..\Core\Src\system_stm32g4xx.c           0x00000000   Number         0  system_stm32g4xx.o ABSOLUTE
    ..\Core\Src\uart_dispatch.c              0x00000000   Number         0  uart_dispatch.o ABSOLUTE
    ..\Core\Src\usart.c                      0x00000000   Number         0  usart.o ABSOLUTE
    ..\Core\Src\vision_control.c             0x00000000   Number         0  vision_control.o ABSOLUTE
    ..\Drivers\STM32G4xx_HAL_Driver\Src\stm32g4xx_hal.c 0x00000000   Number         0  stm32g4xx_hal.o ABSOLUTE
    ..\Drivers\STM32G4xx_HAL_Driver\Src\stm32g4xx_hal_cortex.c 0x00000000   Number         0  stm32g4xx_hal_cortex.o ABSOLUTE
    ..\Drivers\STM32G4xx_HAL_Driver\Src\stm32g4xx_hal_dma.c 0x00000000   Number         0  stm32g4xx_hal_dma.o ABSOLUTE
    ..\Drivers\STM32G4xx_HAL_Driver\Src\stm32g4xx_hal_dma_ex.c 0x00000000   Number         0  stm32g4xx_hal_dma_ex.o ABSOLUTE
    ..\Drivers\STM32G4xx_HAL_Driver\Src\stm32g4xx_hal_exti.c 0x00000000   Number         0  stm32g4xx_hal_exti.o ABSOLUTE
    ..\Drivers\STM32G4xx_HAL_Driver\Src\stm32g4xx_hal_flash.c 0x00000000   Number         0  stm32g4xx_hal_flash.o ABSOLUTE
    ..\Drivers\STM32G4xx_HAL_Driver\Src\stm32g4xx_hal_flash_ex.c 0x00000000   Number         0  stm32g4xx_hal_flash_ex.o ABSOLUTE
    ..\Drivers\STM32G4xx_HAL_Driver\Src\stm32g4xx_hal_flash_ramfunc.c 0x00000000   Number         0  stm32g4xx_hal_flash_ramfunc.o ABSOLUTE
    ..\Drivers\STM32G4xx_HAL_Driver\Src\stm32g4xx_hal_gpio.c 0x00000000   Number         0  stm32g4xx_hal_gpio.o ABSOLUTE
    ..\Drivers\STM32G4xx_HAL_Driver\Src\stm32g4xx_hal_pwr.c 0x00000000   Number         0  stm32g4xx_hal_pwr.o ABSOLUTE
    ..\Drivers\STM32G4xx_HAL_Driver\Src\stm32g4xx_hal_pwr_ex.c 0x00000000   Number         0  stm32g4xx_hal_pwr_ex.o ABSOLUTE
    ..\Drivers\STM32G4xx_HAL_Driver\Src\stm32g4xx_hal_rcc.c 0x00000000   Number         0  stm32g4xx_hal_rcc.o ABSOLUTE
    ..\Drivers\STM32G4xx_HAL_Driver\Src\stm32g4xx_hal_rcc_ex.c 0x00000000   Number         0  stm32g4xx_hal_rcc_ex.o ABSOLUTE
    ..\Drivers\STM32G4xx_HAL_Driver\Src\stm32g4xx_hal_uart.c 0x00000000   Number         0  stm32g4xx_hal_uart.o ABSOLUTE
    ..\Drivers\STM32G4xx_HAL_Driver\Src\stm32g4xx_hal_uart_ex.c 0x00000000   Number         0  stm32g4xx_hal_uart_ex.o ABSOLUTE
    dc.s                                     0x00000000   Number         0  dc.o ABSOLUTE
    startup_stm32g431xx.s                    0x00000000   Number         0  startup_stm32g431xx.o ABSOLUTE
    RESET                                    0x08000000   Section      472  startup_stm32g431xx.o(RESET)
    !!!main                                  0x080001d8   Section        8  __main.o(!!!main)
    !!!scatter                               0x080001e0   Section       52  __scatter.o(!!!scatter)
    !!handler_copy                           0x08000214   Section       26  __scatter_copy.o(!!handler_copy)
    !!handler_zi                             0x08000230   Section       28  __scatter_zi.o(!!handler_zi)
    .ARM.Collect$$libinit$$00000000          0x0800024c   Section        2  libinit.o(.ARM.Collect$$libinit$$00000000)
    .ARM.Collect$$libinit$$00000001          0x0800024e   Section        4  libinit2.o(.ARM.Collect$$libinit$$00000001)
    .ARM.Collect$$libinit$$00000004          0x08000252   Section        0  libinit2.o(.ARM.Collect$$libinit$$00000004)
    .ARM.Collect$$libinit$$0000000A          0x08000252   Section        0  libinit2.o(.ARM.Collect$$libinit$$0000000A)
    .ARM.Collect$$libinit$$0000000C          0x08000252   Section        0  libinit2.o(.ARM.Collect$$libinit$$0000000C)
    .ARM.Collect$$libinit$$0000000E          0x08000252   Section        0  libinit2.o(.ARM.Collect$$libinit$$0000000E)
    .ARM.Collect$$libinit$$00000011          0x08000252   Section        0  libinit2.o(.ARM.Collect$$libinit$$00000011)
    .ARM.Collect$$libinit$$00000013          0x08000252   Section        0  libinit2.o(.ARM.Collect$$libinit$$00000013)
    .ARM.Collect$$libinit$$00000015          0x08000252   Section        0  libinit2.o(.ARM.Collect$$libinit$$00000015)
    .ARM.Collect$$libinit$$00000017          0x08000252   Section        0  libinit2.o(.ARM.Collect$$libinit$$00000017)
    .ARM.Collect$$libinit$$00000019          0x08000252   Section        0  libinit2.o(.ARM.Collect$$libinit$$00000019)
    .ARM.Collect$$libinit$$0000001B          0x08000252   Section        0  libinit2.o(.ARM.Collect$$libinit$$0000001B)
    .ARM.Collect$$libinit$$0000001D          0x08000252   Section        0  libinit2.o(.ARM.Collect$$libinit$$0000001D)
    .ARM.Collect$$libinit$$0000001F          0x08000252   Section        0  libinit2.o(.ARM.Collect$$libinit$$0000001F)
    .ARM.Collect$$libinit$$00000021          0x08000252   Section        0  libinit2.o(.ARM.Collect$$libinit$$00000021)
    .ARM.Collect$$libinit$$00000023          0x08000252   Section        0  libinit2.o(.ARM.Collect$$libinit$$00000023)
    .ARM.Collect$$libinit$$00000025          0x08000252   Section        0  libinit2.o(.ARM.Collect$$libinit$$00000025)
    .ARM.Collect$$libinit$$0000002C          0x08000252   Section        0  libinit2.o(.ARM.Collect$$libinit$$0000002C)
    .ARM.Collect$$libinit$$0000002E          0x08000252   Section        0  libinit2.o(.ARM.Collect$$libinit$$0000002E)
    .ARM.Collect$$libinit$$00000030          0x08000252   Section        0  libinit2.o(.ARM.Collect$$libinit$$00000030)
    .ARM.Collect$$libinit$$00000032          0x08000252   Section        0  libinit2.o(.ARM.Collect$$libinit$$00000032)
    .ARM.Collect$$libinit$$00000033          0x08000252   Section        2  libinit2.o(.ARM.Collect$$libinit$$00000033)
    .ARM.Collect$$libshutdown$$00000000      0x08000254   Section        2  libshutdown.o(.ARM.Collect$$libshutdown$$00000000)
    .ARM.Collect$$libshutdown$$00000002      0x08000256   Section        0  libshutdown2.o(.ARM.Collect$$libshutdown$$00000002)
    .ARM.Collect$$libshutdown$$00000004      0x08000256   Section        0  libshutdown2.o(.ARM.Collect$$libshutdown$$00000004)
    .ARM.Collect$$libshutdown$$00000006      0x08000256   Section        0  libshutdown2.o(.ARM.Collect$$libshutdown$$00000006)
    .ARM.Collect$$libshutdown$$00000009      0x08000256   Section        0  libshutdown2.o(.ARM.Collect$$libshutdown$$00000009)
    .ARM.Collect$$libshutdown$$0000000C      0x08000256   Section        0  libshutdown2.o(.ARM.Collect$$libshutdown$$0000000C)
    .ARM.Collect$$libshutdown$$0000000E      0x08000256   Section        0  libshutdown2.o(.ARM.Collect$$libshutdown$$0000000E)
    .ARM.Collect$$libshutdown$$00000011      0x08000256   Section        0  libshutdown2.o(.ARM.Collect$$libshutdown$$00000011)
    .ARM.Collect$$libshutdown$$00000012      0x08000256   Section        2  libshutdown2.o(.ARM.Collect$$libshutdown$$00000012)
    .ARM.Collect$$rtentry$$00000000          0x08000258   Section        0  __rtentry.o(.ARM.Collect$$rtentry$$00000000)
    .ARM.Collect$$rtentry$$00000002          0x08000258   Section        0  __rtentry2.o(.ARM.Collect$$rtentry$$00000002)
    .ARM.Collect$$rtentry$$00000004          0x08000258   Section        6  __rtentry4.o(.ARM.Collect$$rtentry$$00000004)
    .ARM.Collect$$rtentry$$00000009          0x0800025e   Section        0  __rtentry2.o(.ARM.Collect$$rtentry$$00000009)
    .ARM.Collect$$rtentry$$0000000A          0x0800025e   Section        4  __rtentry2.o(.ARM.Collect$$rtentry$$0000000A)
    .ARM.Collect$$rtentry$$0000000C          0x08000262   Section        0  __rtentry2.o(.ARM.Collect$$rtentry$$0000000C)
    .ARM.Collect$$rtentry$$0000000D          0x08000262   Section        8  __rtentry2.o(.ARM.Collect$$rtentry$$0000000D)
    .ARM.Collect$$rtexit$$00000000           0x0800026a   Section        2  rtexit.o(.ARM.Collect$$rtexit$$00000000)
    .ARM.Collect$$rtexit$$00000002           0x0800026c   Section        0  rtexit2.o(.ARM.Collect$$rtexit$$00000002)
    .ARM.Collect$$rtexit$$00000003           0x0800026c   Section        4  rtexit2.o(.ARM.Collect$$rtexit$$00000003)
    .ARM.Collect$$rtexit$$00000004           0x08000270   Section        6  rtexit2.o(.ARM.Collect$$rtexit$$00000004)
    .text                                    0x08000278   Section       64  startup_stm32g431xx.o(.text)
    $v0                                      0x08000278   Number         0  startup_stm32g431xx.o(.text)
    .text                                    0x080002b8   Section      238  lludivv7m.o(.text)
    .text                                    0x080003a6   Section        0  memcmp.o(.text)
    .text                                    0x080003fe   Section      100  rt_memcpy_w.o(.text)
    .text                                    0x08000462   Section       78  rt_memclr_w.o(.text)
    .text                                    0x080004b0   Section        0  heapauxi.o(.text)
    .text                                    0x080004b6   Section       74  sys_stackheap_outer.o(.text)
    .text                                    0x08000500   Section        0  exit.o(.text)
    .text                                    0x08000514   Section        8  libspace.o(.text)
    .text                                    0x0800051c   Section        0  sys_exit.o(.text)
    .text                                    0x08000528   Section        2  use_no_semi.o(.text)
    .text                                    0x0800052a   Section        0  indicate_semi.o(.text)
    i.Application_Init                       0x0800052c   Section        0  application.o(i.Application_Init)
    i.Application_Task                       0x080005c0   Section        0  application.o(i.Application_Task)
    i.BusFault_Handler                       0x080005ec   Section        0  stm32g4xx_it.o(i.BusFault_Handler)
    i.Control_Clamp                          0x080005f0   Section        0  control.o(i.Control_Clamp)
    Control_Clamp                            0x080005f1   Thumb Code    42  control.o(i.Control_Clamp)
    i.Control_Init                           0x0800061c   Section        0  control.o(i.Control_Init)
    i.Control_SetTargetPosition              0x08000680   Section        0  control.o(i.Control_SetTargetPosition)
    i.Control_ShortestPositionError          0x08000688   Section        0  control.o(i.Control_ShortestPositionError)
    Control_ShortestPositionError            0x08000689   Thumb Code   104  control.o(i.Control_ShortestPositionError)
    i.Control_Start                          0x080006fc   Section        0  control.o(i.Control_Start)
    i.Control_Stop                           0x0800075c   Section        0  control.o(i.Control_Stop)
    i.Control_UpdateAndSend                  0x08000798   Section        0  control.o(i.Control_UpdateAndSend)
    Control_UpdateAndSend                    0x08000799   Thumb Code   212  control.o(i.Control_UpdateAndSend)
    i.Control_UpdateTrajectory               0x08000870   Section        0  control.o(i.Control_UpdateTrajectory)
    Control_UpdateTrajectory                 0x08000871   Thumb Code    72  control.o(i.Control_UpdateTrajectory)
    i.DebugMon_Handler                       0x080008bc   Section        0  stm32g4xx_it.o(i.DebugMon_Handler)
    i.DualControl_Init                       0x080008be   Section        0  control.o(i.DualControl_Init)
    i.DualControl_Start                      0x080008de   Section        0  control.o(i.DualControl_Start)
    i.DualControl_Task                       0x08000934   Section        0  control.o(i.DualControl_Task)
    i.Error_Handler                          0x080009b0   Section        0  main.o(i.Error_Handler)
    i.HAL_DMA_Abort                          0x080009b6   Section        0  stm32g4xx_hal_dma.o(i.HAL_DMA_Abort)
    i.HAL_DMA_Abort_IT                       0x08000a34   Section        0  stm32g4xx_hal_dma.o(i.HAL_DMA_Abort_IT)
    i.HAL_Delay                              0x08000ac8   Section        0  stm32g4xx_hal.o(i.HAL_Delay)
    i.HAL_GPIO_Init                          0x08000af0   Section        0  stm32g4xx_hal_gpio.o(i.HAL_GPIO_Init)
    i.HAL_GetTick                            0x08000ccc   Section        0  stm32g4xx_hal.o(i.HAL_GetTick)
    i.HAL_IncTick                            0x08000cd8   Section        0  stm32g4xx_hal.o(i.HAL_IncTick)
    i.HAL_Init                               0x08000cf0   Section        0  stm32g4xx_hal.o(i.HAL_Init)
    i.HAL_InitTick                           0x08000d10   Section        0  stm32g4xx_hal.o(i.HAL_InitTick)
    i.HAL_MspInit                            0x08000d68   Section        0  stm32g4xx_hal_msp.o(i.HAL_MspInit)
    i.HAL_NVIC_EnableIRQ                     0x08000dac   Section        0  stm32g4xx_hal_cortex.o(i.HAL_NVIC_EnableIRQ)
    i.HAL_NVIC_SetPriority                   0x08000dd4   Section        0  stm32g4xx_hal_cortex.o(i.HAL_NVIC_SetPriority)
    i.HAL_NVIC_SetPriorityGrouping           0x08000e50   Section        0  stm32g4xx_hal_cortex.o(i.HAL_NVIC_SetPriorityGrouping)
    i.HAL_PWREx_ControlVoltageScaling        0x08000e78   Section        0  stm32g4xx_hal_pwr_ex.o(i.HAL_PWREx_ControlVoltageScaling)
    i.HAL_PWREx_DisableUCPDDeadBattery       0x08000f90   Section        0  stm32g4xx_hal_pwr_ex.o(i.HAL_PWREx_DisableUCPDDeadBattery)
    i.HAL_RCCEx_PeriphCLKConfig              0x08000fa4   Section        0  stm32g4xx_hal_rcc_ex.o(i.HAL_RCCEx_PeriphCLKConfig)
    i.HAL_RCC_ClockConfig                    0x08001314   Section        0  stm32g4xx_hal_rcc.o(i.HAL_RCC_ClockConfig)
    i.HAL_RCC_GetHCLKFreq                    0x08001538   Section        0  stm32g4xx_hal_rcc.o(i.HAL_RCC_GetHCLKFreq)
    i.HAL_RCC_GetPCLK1Freq                   0x08001544   Section        0  stm32g4xx_hal_rcc.o(i.HAL_RCC_GetPCLK1Freq)
    i.HAL_RCC_GetPCLK2Freq                   0x08001568   Section        0  stm32g4xx_hal_rcc.o(i.HAL_RCC_GetPCLK2Freq)
    i.HAL_RCC_GetSysClockFreq                0x0800158c   Section        0  stm32g4xx_hal_rcc.o(i.HAL_RCC_GetSysClockFreq)
    i.HAL_RCC_OscConfig                      0x08001624   Section        0  stm32g4xx_hal_rcc.o(i.HAL_RCC_OscConfig)
    i.HAL_SYSTICK_Config                     0x08001b80   Section        0  stm32g4xx_hal_cortex.o(i.HAL_SYSTICK_Config)
    i.HAL_UARTEx_DisableFifoMode             0x08001bb4   Section        0  stm32g4xx_hal_uart_ex.o(i.HAL_UARTEx_DisableFifoMode)
    i.HAL_UARTEx_RxEventCallback             0x08001c02   Section        0  stm32g4xx_hal_uart.o(i.HAL_UARTEx_RxEventCallback)
    i.HAL_UARTEx_RxFifoFullCallback          0x08001c04   Section        0  stm32g4xx_hal_uart_ex.o(i.HAL_UARTEx_RxFifoFullCallback)
    i.HAL_UARTEx_SetRxFifoThreshold          0x08001c06   Section        0  stm32g4xx_hal_uart_ex.o(i.HAL_UARTEx_SetRxFifoThreshold)
    i.HAL_UARTEx_SetTxFifoThreshold          0x08001c64   Section        0  stm32g4xx_hal_uart_ex.o(i.HAL_UARTEx_SetTxFifoThreshold)
    i.HAL_UARTEx_TxFifoEmptyCallback         0x08001cc2   Section        0  stm32g4xx_hal_uart_ex.o(i.HAL_UARTEx_TxFifoEmptyCallback)
    i.HAL_UARTEx_WakeupCallback              0x08001cc4   Section        0  stm32g4xx_hal_uart_ex.o(i.HAL_UARTEx_WakeupCallback)
    i.HAL_UART_ErrorCallback                 0x08001cc6   Section        0  uart_dispatch.o(i.HAL_UART_ErrorCallback)
    i.HAL_UART_IRQHandler                    0x08001cd8   Section        0  stm32g4xx_hal_uart.o(i.HAL_UART_IRQHandler)
    i.HAL_UART_Init                          0x080020a8   Section        0  stm32g4xx_hal_uart.o(i.HAL_UART_Init)
    i.HAL_UART_MspInit                       0x08002120   Section        0  usart.o(i.HAL_UART_MspInit)
    i.HAL_UART_Receive_IT                    0x08002238   Section        0  stm32g4xx_hal_uart.o(i.HAL_UART_Receive_IT)
    i.HAL_UART_RxCpltCallback                0x08002294   Section        0  uart_dispatch.o(i.HAL_UART_RxCpltCallback)
    i.HAL_UART_Transmit                      0x080022a6   Section        0  stm32g4xx_hal_uart.o(i.HAL_UART_Transmit)
    i.HAL_UART_TxCpltCallback                0x0800237a   Section        0  stm32g4xx_hal_uart.o(i.HAL_UART_TxCpltCallback)
    i.HardFault_Handler                      0x0800237c   Section        0  stm32g4xx_it.o(i.HardFault_Handler)
    i.K230Link_GetTarget                     0x08002380   Section        0  k230_link.o(i.K230Link_GetTarget)
    i.K230Link_Init                          0x080023b0   Section        0  k230_link.o(i.K230Link_Init)
    i.K230Link_ParseFrame                    0x08002434   Section        0  k230_link.o(i.K230Link_ParseFrame)
    K230Link_ParseFrame                      0x08002435   Thumb Code   394  k230_link.o(i.K230Link_ParseFrame)
    i.K230Link_ParseUnsigned                 0x080025d0   Section        0  k230_link.o(i.K230Link_ParseUnsigned)
    K230Link_ParseUnsigned                   0x080025d1   Thumb Code   120  k230_link.o(i.K230Link_ParseUnsigned)
    i.K230Link_Task                          0x0800264c   Section        0  k230_link.o(i.K230Link_Task)
    i.K230Link_UartErrorCallback             0x080026a8   Section        0  k230_link.o(i.K230Link_UartErrorCallback)
    i.K230Link_UartRxCpltCallback            0x080026f4   Section        0  k230_link.o(i.K230Link_UartRxCpltCallback)
    i.MX_GPIO_Init                           0x080027d4   Section        0  gpio.o(i.MX_GPIO_Init)
    i.MX_USART1_UART_Init                    0x08002814   Section        0  usart.o(i.MX_USART1_UART_Init)
    i.MX_USART2_UART_Init                    0x08002880   Section        0  usart.o(i.MX_USART2_UART_Init)
    i.MemManage_Handler                      0x080028ec   Section        0  stm32g4xx_it.o(i.MemManage_Handler)
    i.Motor_Bcc                              0x080028f0   Section        0  motor.o(i.Motor_Bcc)
    Motor_Bcc                                0x080028f1   Thumb Code    26  motor.o(i.Motor_Bcc)
    i.Motor_Disable                          0x0800290a   Section        0  motor.o(i.Motor_Disable)
    i.Motor_Enable                           0x0800291c   Section        0  motor.o(i.Motor_Enable)
    i.Motor_FeedbackIsFresh                  0x0800292e   Section        0  motor.o(i.Motor_FeedbackIsFresh)
    i.Motor_FindById                         0x08002950   Section        0  motor.o(i.Motor_FindById)
    Motor_FindById                           0x08002951   Thumb Code    50  motor.o(i.Motor_FindById)
    i.Motor_GetMultiPosition                 0x0800298c   Section        0  motor.o(i.Motor_GetMultiPosition)
    i.Motor_Init                             0x080029b0   Section        0  motor.o(i.Motor_Init)
    i.Motor_ParseFeedback                    0x08002a90   Section        0  motor.o(i.Motor_ParseFeedback)
    Motor_ParseFeedback                      0x08002a91   Thumb Code   128  motor.o(i.Motor_ParseFeedback)
    i.Motor_RequestFeedback                  0x08002b14   Section        0  motor.o(i.Motor_RequestFeedback)
    i.Motor_RxByte                           0x08002b2c   Section        0  motor.o(i.Motor_RxByte)
    Motor_RxByte                             0x08002b2d   Thumb Code    54  motor.o(i.Motor_RxByte)
    i.Motor_Send                             0x08002b6c   Section        0  motor.o(i.Motor_Send)
    Motor_Send                               0x08002b6d   Thumb Code   110  motor.o(i.Motor_Send)
    i.Motor_SetMode                          0x08002bda   Section        0  motor.o(i.Motor_SetMode)
    i.Motor_SetSpeed                         0x08002bf8   Section        0  motor.o(i.Motor_SetSpeed)
    i.Motor_UartErrorCallback                0x08002c84   Section        0  motor.o(i.Motor_UartErrorCallback)
    i.Motor_UartRxCpltCallback               0x08002cb4   Section        0  motor.o(i.Motor_UartRxCpltCallback)
    i.NMI_Handler                            0x08002ce4   Section        0  stm32g4xx_it.o(i.NMI_Handler)
    i.PID_Reset                              0x08002ce8   Section        0  control.o(i.PID_Reset)
    PID_Reset                                0x08002ce9   Thumb Code    18  control.o(i.PID_Reset)
    i.PID_Update                             0x08002d00   Section        0  control.o(i.PID_Update)
    PID_Update                               0x08002d01   Thumb Code   176  control.o(i.PID_Update)
    i.PendSV_Handler                         0x08002db0   Section        0  stm32g4xx_it.o(i.PendSV_Handler)
    i.RCC_GetSysClockFreqFromPLLSource       0x08002db4   Section        0  stm32g4xx_hal_rcc.o(i.RCC_GetSysClockFreqFromPLLSource)
    RCC_GetSysClockFreqFromPLLSource         0x08002db5   Thumb Code    90  stm32g4xx_hal_rcc.o(i.RCC_GetSysClockFreqFromPLLSource)
    i.SVC_Handler                            0x08002e1c   Section        0  stm32g4xx_it.o(i.SVC_Handler)
    i.SysTick_Handler                        0x08002e1e   Section        0  stm32g4xx_it.o(i.SysTick_Handler)
    i.SystemClock_Config                     0x08002e26   Section        0  main.o(i.SystemClock_Config)
    i.SystemInit                             0x08002e94   Section        0  system_stm32g4xx.o(i.SystemInit)
    i.UARTEx_SetNbDataToProcess              0x08002ea8   Section        0  stm32g4xx_hal_uart_ex.o(i.UARTEx_SetNbDataToProcess)
    UARTEx_SetNbDataToProcess                0x08002ea9   Thumb Code    78  stm32g4xx_hal_uart_ex.o(i.UARTEx_SetNbDataToProcess)
    i.UART_AdvFeatureConfig                  0x08002f00   Section        0  stm32g4xx_hal_uart.o(i.UART_AdvFeatureConfig)
    i.UART_CheckIdleState                    0x08002ff8   Section        0  stm32g4xx_hal_uart.o(i.UART_CheckIdleState)
    i.UART_DMAAbortOnError                   0x080030e2   Section        0  stm32g4xx_hal_uart.o(i.UART_DMAAbortOnError)
    UART_DMAAbortOnError                     0x080030e3   Thumb Code    14  stm32g4xx_hal_uart.o(i.UART_DMAAbortOnError)
    i.UART_EndRxTransfer                     0x080030f0   Section        0  stm32g4xx_hal_uart.o(i.UART_EndRxTransfer)
    UART_EndRxTransfer                       0x080030f1   Thumb Code   104  stm32g4xx_hal_uart.o(i.UART_EndRxTransfer)
    i.UART_EndTransmit_IT                    0x0800315c   Section        0  stm32g4xx_hal_uart.o(i.UART_EndTransmit_IT)
    UART_EndTransmit_IT                      0x0800315d   Thumb Code    48  stm32g4xx_hal_uart.o(i.UART_EndTransmit_IT)
    i.UART_RxISR_16BIT                       0x0800318c   Section        0  stm32g4xx_hal_uart.o(i.UART_RxISR_16BIT)
    UART_RxISR_16BIT                         0x0800318d   Thumb Code   256  stm32g4xx_hal_uart.o(i.UART_RxISR_16BIT)
    i.UART_RxISR_16BIT_FIFOEN                0x08003290   Section        0  stm32g4xx_hal_uart.o(i.UART_RxISR_16BIT_FIFOEN)
    UART_RxISR_16BIT_FIFOEN                  0x08003291   Thumb Code   498  stm32g4xx_hal_uart.o(i.UART_RxISR_16BIT_FIFOEN)
    i.UART_RxISR_8BIT                        0x08003490   Section        0  stm32g4xx_hal_uart.o(i.UART_RxISR_8BIT)
    UART_RxISR_8BIT                          0x08003491   Thumb Code   254  stm32g4xx_hal_uart.o(i.UART_RxISR_8BIT)
    i.UART_RxISR_8BIT_FIFOEN                 0x08003594   Section        0  stm32g4xx_hal_uart.o(i.UART_RxISR_8BIT_FIFOEN)
    UART_RxISR_8BIT_FIFOEN                   0x08003595   Thumb Code   496  stm32g4xx_hal_uart.o(i.UART_RxISR_8BIT_FIFOEN)
    i.UART_SetConfig                         0x08003790   Section        0  stm32g4xx_hal_uart.o(i.UART_SetConfig)
    i.UART_Start_Receive_IT                  0x08003b14   Section        0  stm32g4xx_hal_uart.o(i.UART_Start_Receive_IT)
    i.UART_WaitOnFlagUntilTimeout            0x08003c70   Section        0  stm32g4xx_hal_uart.o(i.UART_WaitOnFlagUntilTimeout)
    i.USART1_IRQHandler                      0x08003d1c   Section        0  stm32g4xx_it.o(i.USART1_IRQHandler)
    i.USART2_IRQHandler                      0x08003d2c   Section        0  stm32g4xx_it.o(i.USART2_IRQHandler)
    i.UsageFault_Handler                     0x08003d3c   Section        0  stm32g4xx_it.o(i.UsageFault_Handler)
    i.VisionControl_ApplyDeadZone            0x08003d40   Section        0  vision_control.o(i.VisionControl_ApplyDeadZone)
    VisionControl_ApplyDeadZone              0x08003d41   Thumb Code    40  vision_control.o(i.VisionControl_ApplyDeadZone)
    i.VisionControl_Clamp                    0x08003d6c   Section        0  vision_control.o(i.VisionControl_Clamp)
    VisionControl_Clamp                      0x08003d6d   Thumb Code    42  vision_control.o(i.VisionControl_Clamp)
    i.VisionControl_Init                     0x08003d98   Section        0  vision_control.o(i.VisionControl_Init)
    i.VisionControl_SetNeutral               0x08003df4   Section        0  vision_control.o(i.VisionControl_SetNeutral)
    VisionControl_SetNeutral                 0x08003df5   Thumb Code    50  vision_control.o(i.VisionControl_SetNeutral)
    i.VisionControl_Task                     0x08003e30   Section        0  vision_control.o(i.VisionControl_Task)
    i.__NVIC_GetPriorityGrouping             0x08004004   Section        0  stm32g4xx_hal_cortex.o(i.__NVIC_GetPriorityGrouping)
    __NVIC_GetPriorityGrouping               0x08004005   Thumb Code    10  stm32g4xx_hal_cortex.o(i.__NVIC_GetPriorityGrouping)
    i.__NVIC_SetPriority                     0x08004014   Section        0  stm32g4xx_hal_cortex.o(i.__NVIC_SetPriority)
    __NVIC_SetPriority                       0x08004015   Thumb Code    32  stm32g4xx_hal_cortex.o(i.__NVIC_SetPriority)
    i.main                                   0x0800403c   Section        0  main.o(i.main)
    x$fpl$fpinit                             0x08004070   Section       10  fpinit.o(x$fpl$fpinit)
    $v0                                      0x08004070   Number         0  fpinit.o(x$fpl$fpinit)
    .constdata                               0x0800407c   Section       28  control.o(.constdata)
    .constdata                               0x08004098   Section       24  stm32g4xx_hal_uart.o(.constdata)
    .constdata                               0x080040b0   Section       16  stm32g4xx_hal_uart_ex.o(.constdata)
    numerator                                0x080040b0   Data           8  stm32g4xx_hal_uart_ex.o(.constdata)
    denominator                              0x080040b8   Data           8  stm32g4xx_hal_uart_ex.o(.constdata)
    .constdata                               0x080040c0   Section       24  system_stm32g4xx.o(.constdata)
    .data                                    0x20000000   Section        1  application.o(.data)
    s_initialized                            0x20000000   Data           1  application.o(.data)
    .data                                    0x20000004   Section       15  motor.o(.data)
    s_bus_uart                               0x20000004   Data           4  motor.o(.data)
    s_motors                                 0x20000008   Data           8  motor.o(.data)
    s_motor_count                            0x20000010   Data           1  motor.o(.data)
    s_rx_byte                                0x20000011   Data           1  motor.o(.data)
    s_rx_count                               0x20000012   Data           1  motor.o(.data)
    .data                                    0x20000014   Section       12  k230_link.o(.data)
    s_uart                                   0x20000014   Data           4  k230_link.o(.data)
    s_rx_byte                                0x20000018   Data           1  k230_link.o(.data)
    s_work_length                            0x2000001a   Data           2  k230_link.o(.data)
    s_pending_length                         0x2000001c   Data           2  k230_link.o(.data)
    s_collecting                             0x2000001e   Data           1  k230_link.o(.data)
    s_frame_ready                            0x2000001f   Data           1  k230_link.o(.data)
    .data                                    0x20000020   Section       12  stm32g4xx_hal.o(.data)
    .data                                    0x2000002c   Section        4  system_stm32g4xx.o(.data)
    .bss                                     0x20000030   Section      296  usart.o(.bss)
    .bss                                     0x20000158   Section      228  application.o(.bss)
    s_motor_1                                0x20000158   Data          28  application.o(.bss)
    s_motor_2                                0x20000174   Data          28  application.o(.bss)
    s_motor_control_1                        0x20000190   Data          56  application.o(.bss)
    s_motor_control_2                        0x200001c8   Data          56  application.o(.bss)
    s_dual_motor_control                     0x20000200   Data          16  application.o(.bss)
    s_vision_control                         0x20000210   Data          44  application.o(.bss)
    .bss                                     0x2000023c   Section        9  motor.o(.bss)
    s_rx_frame                               0x2000023c   Data           9  motor.o(.bss)
    .bss                                     0x20000248   Section      232  k230_link.o(.bss)
    s_work_frame                             0x20000248   Data          96  k230_link.o(.bss)
    s_pending_frame                          0x200002a8   Data          96  k230_link.o(.bss)
    s_target                                 0x20000308   Data          24  k230_link.o(.bss)
    s_stats                                  0x20000320   Data          16  k230_link.o(.bss)
    .bss                                     0x20000330   Section       96  libspace.o(.bss)
    HEAP                                     0x20000390   Section      512  startup_stm32g431xx.o(HEAP)
    Heap_Mem                                 0x20000390   Data         512  startup_stm32g431xx.o(HEAP)
    STACK                                    0x20000590   Section     1024  startup_stm32g431xx.o(STACK)
    Stack_Mem                                0x20000590   Data        1024  startup_stm32g431xx.o(STACK)
    __initial_sp                             0x20000990   Data           0  startup_stm32g431xx.o(STACK)

    Global Symbols

    Symbol Name                              Value     Ov Type        Size  Object(Section)

    BuildAttributes$$THM_ISAv4$E$P$D$K$B$S$7EM$VFPi3$EXTD16$VFPS$VFMA$PE$A:L22UL41UL21$X:L11$S22US41US21$IEEE1$IW$USESV6$~STKCKD$USESV7$~SHL$OSPACE$ROPI$EBA8$UX$STANDARDLIB$REQ8$PRES8$EABIv2 0x00000000   Number         0  anon$$obj.o ABSOLUTE
    __ARM_use_no_argv                        0x00000000   Number         0  main.o ABSOLUTE
    __ARM_exceptions_init                     - Undefined Weak Reference
    __alloca_initialize                       - Undefined Weak Reference
    __arm_fini_                               - Undefined Weak Reference
    __arm_preinit_                            - Undefined Weak Reference
    __cpp_initialize__aeabi_                  - Undefined Weak Reference
    __cxa_finalize                            - Undefined Weak Reference
    __rt_locale                               - Undefined Weak Reference
    __sigvec_lookup                           - Undefined Weak Reference
    _atexit_init                              - Undefined Weak Reference
    _call_atexit_fns                          - Undefined Weak Reference
    _clock_init                               - Undefined Weak Reference
    _fp_trap_init                             - Undefined Weak Reference
    _fp_trap_shutdown                         - Undefined Weak Reference
    _get_lc_collate                           - Undefined Weak Reference
    _get_lc_ctype                             - Undefined Weak Reference
    _get_lc_monetary                          - Undefined Weak Reference
    _get_lc_numeric                           - Undefined Weak Reference
    _get_lc_time                              - Undefined Weak Reference
    _getenv_init                              - Undefined Weak Reference
    _handle_redirection                       - Undefined Weak Reference
    _init_alloc                               - Undefined Weak Reference
    _init_user_alloc                          - Undefined Weak Reference
    _initio                                   - Undefined Weak Reference
    _rand_init                                - Undefined Weak Reference
    _signal_finish                            - Undefined Weak Reference
    _signal_init                              - Undefined Weak Reference
    _terminate_alloc                          - Undefined Weak Reference
    _terminate_user_alloc                     - Undefined Weak Reference
    _terminateio                              - Undefined Weak Reference
    __Vectors_Size                           0x000001d8   Number         0  startup_stm32g431xx.o ABSOLUTE
    __Vectors                                0x08000000   Data           4  startup_stm32g431xx.o(RESET)
    __Vectors_End                            0x080001d8   Data           0  startup_stm32g431xx.o(RESET)
    __main                                   0x080001d9   Thumb Code     8  __main.o(!!!main)
    __scatterload                            0x080001e1   Thumb Code     0  __scatter.o(!!!scatter)
    __scatterload_rt2                        0x080001e1   Thumb Code    44  __scatter.o(!!!scatter)
    __scatterload_rt2_thumb_only             0x080001e1   Thumb Code     0  __scatter.o(!!!scatter)
    __scatterload_null                       0x080001ef   Thumb Code     0  __scatter.o(!!!scatter)
    __scatterload_copy                       0x08000215   Thumb Code    26  __scatter_copy.o(!!handler_copy)
    __scatterload_zeroinit                   0x08000231   Thumb Code    28  __scatter_zi.o(!!handler_zi)
    __rt_lib_init                            0x0800024d   Thumb Code     0  libinit.o(.ARM.Collect$$libinit$$00000000)
    __rt_lib_init_fp_1                       0x0800024f   Thumb Code     0  libinit2.o(.ARM.Collect$$libinit$$00000001)
    __rt_lib_init_alloca_1                   0x08000253   Thumb Code     0  libinit2.o(.ARM.Collect$$libinit$$0000002E)
    __rt_lib_init_argv_1                     0x08000253   Thumb Code     0  libinit2.o(.ARM.Collect$$libinit$$0000002C)
    __rt_lib_init_atexit_1                   0x08000253   Thumb Code     0  libinit2.o(.ARM.Collect$$libinit$$0000001B)
    __rt_lib_init_clock_1                    0x08000253   Thumb Code     0  libinit2.o(.ARM.Collect$$libinit$$00000021)
    __rt_lib_init_cpp_1                      0x08000253   Thumb Code     0  libinit2.o(.ARM.Collect$$libinit$$00000032)
    __rt_lib_init_exceptions_1               0x08000253   Thumb Code     0  libinit2.o(.ARM.Collect$$libinit$$00000030)
    __rt_lib_init_fp_trap_1                  0x08000253   Thumb Code     0  libinit2.o(.ARM.Collect$$libinit$$0000001F)
    __rt_lib_init_getenv_1                   0x08000253   Thumb Code     0  libinit2.o(.ARM.Collect$$libinit$$00000023)
    __rt_lib_init_heap_1                     0x08000253   Thumb Code     0  libinit2.o(.ARM.Collect$$libinit$$0000000A)
    __rt_lib_init_lc_collate_1               0x08000253   Thumb Code     0  libinit2.o(.ARM.Collect$$libinit$$00000011)
    __rt_lib_init_lc_ctype_1                 0x08000253   Thumb Code     0  libinit2.o(.ARM.Collect$$libinit$$00000013)
    __rt_lib_init_lc_monetary_1              0x08000253   Thumb Code     0  libinit2.o(.ARM.Collect$$libinit$$00000015)
    __rt_lib_init_lc_numeric_1               0x08000253   Thumb Code     0  libinit2.o(.ARM.Collect$$libinit$$00000017)
    __rt_lib_init_lc_time_1                  0x08000253   Thumb Code     0  libinit2.o(.ARM.Collect$$libinit$$00000019)
    __rt_lib_init_preinit_1                  0x08000253   Thumb Code     0  libinit2.o(.ARM.Collect$$libinit$$00000004)
    __rt_lib_init_rand_1                     0x08000253   Thumb Code     0  libinit2.o(.ARM.Collect$$libinit$$0000000E)
    __rt_lib_init_return                     0x08000253   Thumb Code     0  libinit2.o(.ARM.Collect$$libinit$$00000033)
    __rt_lib_init_signal_1                   0x08000253   Thumb Code     0  libinit2.o(.ARM.Collect$$libinit$$0000001D)
    __rt_lib_init_stdio_1                    0x08000253   Thumb Code     0  libinit2.o(.ARM.Collect$$libinit$$00000025)
    __rt_lib_init_user_alloc_1               0x08000253   Thumb Code     0  libinit2.o(.ARM.Collect$$libinit$$0000000C)
    __rt_lib_shutdown                        0x08000255   Thumb Code     0  libshutdown.o(.ARM.Collect$$libshutdown$$00000000)
    __rt_lib_shutdown_cpp_1                  0x08000257   Thumb Code     0  libshutdown2.o(.ARM.Collect$$libshutdown$$00000004)
    __rt_lib_shutdown_fini_1                 0x08000257   Thumb Code     0  libshutdown2.o(.ARM.Collect$$libshutdown$$00000002)
    __rt_lib_shutdown_fp_trap_1              0x08000257   Thumb Code     0  libshutdown2.o(.ARM.Collect$$libshutdown$$00000009)
    __rt_lib_shutdown_heap_1                 0x08000257   Thumb Code     0  libshutdown2.o(.ARM.Collect$$libshutdown$$00000011)
    __rt_lib_shutdown_return                 0x08000257   Thumb Code     0  libshutdown2.o(.ARM.Collect$$libshutdown$$00000012)
    __rt_lib_shutdown_signal_1               0x08000257   Thumb Code     0  libshutdown2.o(.ARM.Collect$$libshutdown$$0000000C)
    __rt_lib_shutdown_stdio_1                0x08000257   Thumb Code     0  libshutdown2.o(.ARM.Collect$$libshutdown$$00000006)
    __rt_lib_shutdown_user_alloc_1           0x08000257   Thumb Code     0  libshutdown2.o(.ARM.Collect$$libshutdown$$0000000E)
    __rt_entry                               0x08000259   Thumb Code     0  __rtentry.o(.ARM.Collect$$rtentry$$00000000)
    __rt_entry_presh_1                       0x08000259   Thumb Code     0  __rtentry2.o(.ARM.Collect$$rtentry$$00000002)
    __rt_entry_sh                            0x08000259   Thumb Code     0  __rtentry4.o(.ARM.Collect$$rtentry$$00000004)
    __rt_entry_li                            0x0800025f   Thumb Code     0  __rtentry2.o(.ARM.Collect$$rtentry$$0000000A)
    __rt_entry_postsh_1                      0x0800025f   Thumb Code     0  __rtentry2.o(.ARM.Collect$$rtentry$$00000009)
    __rt_entry_main                          0x08000263   Thumb Code     0  __rtentry2.o(.ARM.Collect$$rtentry$$0000000D)
    __rt_entry_postli_1                      0x08000263   Thumb Code     0  __rtentry2.o(.ARM.Collect$$rtentry$$0000000C)
    __rt_exit                                0x0800026b   Thumb Code     0  rtexit.o(.ARM.Collect$$rtexit$$00000000)
    __rt_exit_ls                             0x0800026d   Thumb Code     0  rtexit2.o(.ARM.Collect$$rtexit$$00000003)
    __rt_exit_prels_1                        0x0800026d   Thumb Code     0  rtexit2.o(.ARM.Collect$$rtexit$$00000002)
    __rt_exit_exit                           0x08000271   Thumb Code     0  rtexit2.o(.ARM.Collect$$rtexit$$00000004)
    Reset_Handler                            0x08000279   Thumb Code     8  startup_stm32g431xx.o(.text)
    ADC1_2_IRQHandler                        0x08000293   Thumb Code     0  startup_stm32g431xx.o(.text)
    COMP1_2_3_IRQHandler                     0x08000293   Thumb Code     0  startup_stm32g431xx.o(.text)
    COMP4_IRQHandler                         0x08000293   Thumb Code     0  startup_stm32g431xx.o(.text)
    CORDIC_IRQHandler                        0x08000293   Thumb Code     0  startup_stm32g431xx.o(.text)
    CRS_IRQHandler                           0x08000293   Thumb Code     0  startup_stm32g431xx.o(.text)
    DMA1_Channel1_IRQHandler                 0x08000293   Thumb Code     0  startup_stm32g431xx.o(.text)
    DMA1_Channel2_IRQHandler                 0x08000293   Thumb Code     0  startup_stm32g431xx.o(.text)
    DMA1_Channel3_IRQHandler                 0x08000293   Thumb Code     0  startup_stm32g431xx.o(.text)
    DMA1_Channel4_IRQHandler                 0x08000293   Thumb Code     0  startup_stm32g431xx.o(.text)
    DMA1_Channel5_IRQHandler                 0x08000293   Thumb Code     0  startup_stm32g431xx.o(.text)
    DMA1_Channel6_IRQHandler                 0x08000293   Thumb Code     0  startup_stm32g431xx.o(.text)
    DMA2_Channel1_IRQHandler                 0x08000293   Thumb Code     0  startup_stm32g431xx.o(.text)
    DMA2_Channel2_IRQHandler                 0x08000293   Thumb Code     0  startup_stm32g431xx.o(.text)
    DMA2_Channel3_IRQHandler                 0x08000293   Thumb Code     0  startup_stm32g431xx.o(.text)
    DMA2_Channel4_IRQHandler                 0x08000293   Thumb Code     0  startup_stm32g431xx.o(.text)
    DMA2_Channel5_IRQHandler                 0x08000293   Thumb Code     0  startup_stm32g431xx.o(.text)
    DMA2_Channel6_IRQHandler                 0x08000293   Thumb Code     0  startup_stm32g431xx.o(.text)
    DMAMUX_OVR_IRQHandler                    0x08000293   Thumb Code     0  startup_stm32g431xx.o(.text)
    EXTI0_IRQHandler                         0x08000293   Thumb Code     0  startup_stm32g431xx.o(.text)
    EXTI15_10_IRQHandler                     0x08000293   Thumb Code     0  startup_stm32g431xx.o(.text)
    EXTI1_IRQHandler                         0x08000293   Thumb Code     0  startup_stm32g431xx.o(.text)
    EXTI2_IRQHandler                         0x08000293   Thumb Code     0  startup_stm32g431xx.o(.text)
    EXTI3_IRQHandler                         0x08000293   Thumb Code     0  startup_stm32g431xx.o(.text)
    EXTI4_IRQHandler                         0x08000293   Thumb Code     0  startup_stm32g431xx.o(.text)
    EXTI9_5_IRQHandler                       0x08000293   Thumb Code     0  startup_stm32g431xx.o(.text)
    FDCAN1_IT0_IRQHandler                    0x08000293   Thumb Code     0  startup_stm32g431xx.o(.text)
    FDCAN1_IT1_IRQHandler                    0x08000293   Thumb Code     0  startup_stm32g431xx.o(.text)
    FLASH_IRQHandler                         0x08000293   Thumb Code     0  startup_stm32g431xx.o(.text)
    FMAC_IRQHandler                          0x08000293   Thumb Code     0  startup_stm32g431xx.o(.text)
    FPU_IRQHandler                           0x08000293   Thumb Code     0  startup_stm32g431xx.o(.text)
    I2C1_ER_IRQHandler                       0x08000293   Thumb Code     0  startup_stm32g431xx.o(.text)
    I2C1_EV_IRQHandler                       0x08000293   Thumb Code     0  startup_stm32g431xx.o(.text)
    I2C2_ER_IRQHandler                       0x08000293   Thumb Code     0  startup_stm32g431xx.o(.text)
    I2C2_EV_IRQHandler                       0x08000293   Thumb Code     0  startup_stm32g431xx.o(.text)
    I2C3_ER_IRQHandler                       0x08000293   Thumb Code     0  startup_stm32g431xx.o(.text)
    I2C3_EV_IRQHandler                       0x08000293   Thumb Code     0  startup_stm32g431xx.o(.text)
    LPTIM1_IRQHandler                        0x08000293   Thumb Code     0  startup_stm32g431xx.o(.text)
    LPUART1_IRQHandler                       0x08000293   Thumb Code     0  startup_stm32g431xx.o(.text)
    PVD_PVM_IRQHandler                       0x08000293   Thumb Code     0  startup_stm32g431xx.o(.text)
    RCC_IRQHandler                           0x08000293   Thumb Code     0  startup_stm32g431xx.o(.text)
    RNG_IRQHandler                           0x08000293   Thumb Code     0  startup_stm32g431xx.o(.text)
    RTC_Alarm_IRQHandler                     0x08000293   Thumb Code     0  startup_stm32g431xx.o(.text)
    RTC_TAMP_LSECSS_IRQHandler               0x08000293   Thumb Code     0  startup_stm32g431xx.o(.text)
    RTC_WKUP_IRQHandler                      0x08000293   Thumb Code     0  startup_stm32g431xx.o(.text)
    SAI1_IRQHandler                          0x08000293   Thumb Code     0  startup_stm32g431xx.o(.text)
    SPI1_IRQHandler                          0x08000293   Thumb Code     0  startup_stm32g431xx.o(.text)
    SPI2_IRQHandler                          0x08000293   Thumb Code     0  startup_stm32g431xx.o(.text)
    SPI3_IRQHandler                          0x08000293   Thumb Code     0  startup_stm32g431xx.o(.text)
    TIM1_BRK_TIM15_IRQHandler                0x08000293   Thumb Code     0  startup_stm32g431xx.o(.text)
    TIM1_CC_IRQHandler                       0x08000293   Thumb Code     0  startup_stm32g431xx.o(.text)
    TIM1_TRG_COM_TIM17_IRQHandler            0x08000293   Thumb Code     0  startup_stm32g431xx.o(.text)
    TIM1_UP_TIM16_IRQHandler                 0x08000293   Thumb Code     0  startup_stm32g431xx.o(.text)
    TIM2_IRQHandler                          0x08000293   Thumb Code     0  startup_stm32g431xx.o(.text)
    TIM3_IRQHandler                          0x08000293   Thumb Code     0  startup_stm32g431xx.o(.text)
    TIM4_IRQHandler                          0x08000293   Thumb Code     0  startup_stm32g431xx.o(.text)
    TIM6_DAC_IRQHandler                      0x08000293   Thumb Code     0  startup_stm32g431xx.o(.text)
    TIM7_IRQHandler                          0x08000293   Thumb Code     0  startup_stm32g431xx.o(.text)
    TIM8_BRK_IRQHandler                      0x08000293   Thumb Code     0  startup_stm32g431xx.o(.text)
    TIM8_CC_IRQHandler                       0x08000293   Thumb Code     0  startup_stm32g431xx.o(.text)
    TIM8_TRG_COM_IRQHandler                  0x08000293   Thumb Code     0  startup_stm32g431xx.o(.text)
    TIM8_UP_IRQHandler                       0x08000293   Thumb Code     0  startup_stm32g431xx.o(.text)
    UART4_IRQHandler                         0x08000293   Thumb Code     0  startup_stm32g431xx.o(.text)
    UCPD1_IRQHandler                         0x08000293   Thumb Code     0  startup_stm32g431xx.o(.text)
    USART3_IRQHandler                        0x08000293   Thumb Code     0  startup_stm32g431xx.o(.text)
    USBWakeUp_IRQHandler                     0x08000293   Thumb Code     0  startup_stm32g431xx.o(.text)
    USB_HP_IRQHandler                        0x08000293   Thumb Code     0  startup_stm32g431xx.o(.text)
    USB_LP_IRQHandler                        0x08000293   Thumb Code     0  startup_stm32g431xx.o(.text)
    WWDG_IRQHandler                          0x08000293   Thumb Code     0  startup_stm32g431xx.o(.text)
    __user_initial_stackheap                 0x08000295   Thumb Code     0  startup_stm32g431xx.o(.text)
    __aeabi_uldivmod                         0x080002b9   Thumb Code     0  lludivv7m.o(.text)
    _ll_udiv                                 0x080002b9   Thumb Code   238  lludivv7m.o(.text)
    memcmp                                   0x080003a7   Thumb Code    88  memcmp.o(.text)
    __aeabi_memcpy4                          0x080003ff   Thumb Code     0  rt_memcpy_w.o(.text)
    __aeabi_memcpy8                          0x080003ff   Thumb Code     0  rt_memcpy_w.o(.text)
    __rt_memcpy_w                            0x080003ff   Thumb Code   100  rt_memcpy_w.o(.text)
    _memcpy_lastbytes_aligned                0x08000447   Thumb Code     0  rt_memcpy_w.o(.text)
    __aeabi_memclr4                          0x08000463   Thumb Code     0  rt_memclr_w.o(.text)
    __aeabi_memclr8                          0x08000463   Thumb Code     0  rt_memclr_w.o(.text)
    __rt_memclr_w                            0x08000463   Thumb Code    78  rt_memclr_w.o(.text)
    _memset_w                                0x08000467   Thumb Code     0  rt_memclr_w.o(.text)
    __use_two_region_memory                  0x080004b1   Thumb Code     2  heapauxi.o(.text)
    __rt_heap_escrow$2region                 0x080004b3   Thumb Code     2  heapauxi.o(.text)
    __rt_heap_expand$2region                 0x080004b5   Thumb Code     2  heapauxi.o(.text)
    __user_setup_stackheap                   0x080004b7   Thumb Code    74  sys_stackheap_outer.o(.text)
    exit                                     0x08000501   Thumb Code    18  exit.o(.text)
    __user_libspace                          0x08000515   Thumb Code     8  libspace.o(.text)
    __user_perproc_libspace                  0x08000515   Thumb Code     0  libspace.o(.text)
    __user_perthread_libspace                0x08000515   Thumb Code     0  libspace.o(.text)
    _sys_exit                                0x0800051d   Thumb Code     8  sys_exit.o(.text)
    __I$use$semihosting                      0x08000529   Thumb Code     0  use_no_semi.o(.text)
    __use_no_semihosting_swi                 0x08000529   Thumb Code     2  use_no_semi.o(.text)
    __semihosting_library_function           0x0800052b   Thumb Code     0  indicate_semi.o(.text)
    Application_Init                         0x0800052d   Thumb Code   120  application.o(i.Application_Init)
    Application_Task                         0x080005c1   Thumb Code    30  application.o(i.Application_Task)
    BusFault_Handler                         0x080005ed   Thumb Code     4  stm32g4xx_it.o(i.BusFault_Handler)
    Control_Init                             0x0800061d   Thumb Code    92  control.o(i.Control_Init)
    Control_SetTargetPosition                0x08000681   Thumb Code     8  control.o(i.Control_SetTargetPosition)
    Control_Start                            0x080006fd   Thumb Code    94  control.o(i.Control_Start)
    Control_Stop                             0x0800075d   Thumb Code    54  control.o(i.Control_Stop)
    DebugMon_Handler                         0x080008bd   Thumb Code     2  stm32g4xx_it.o(i.DebugMon_Handler)
    DualControl_Init                         0x080008bf   Thumb Code    32  control.o(i.DualControl_Init)
    DualControl_Start                        0x080008df   Thumb Code    84  control.o(i.DualControl_Start)
    DualControl_Task                         0x08000935   Thumb Code   118  control.o(i.DualControl_Task)
    Error_Handler                            0x080009b1   Thumb Code     6  main.o(i.Error_Handler)
    HAL_DMA_Abort                            0x080009b7   Thumb Code   126  stm32g4xx_hal_dma.o(i.HAL_DMA_Abort)
    HAL_DMA_Abort_IT                         0x08000a35   Thumb Code   148  stm32g4xx_hal_dma.o(i.HAL_DMA_Abort_IT)
    HAL_Delay                                0x08000ac9   Thumb Code    36  stm32g4xx_hal.o(i.HAL_Delay)
    HAL_GPIO_Init                            0x08000af1   Thumb Code   442  stm32g4xx_hal_gpio.o(i.HAL_GPIO_Init)
    HAL_GetTick                              0x08000ccd   Thumb Code     6  stm32g4xx_hal.o(i.HAL_GetTick)
    HAL_IncTick                              0x08000cd9   Thumb Code    16  stm32g4xx_hal.o(i.HAL_IncTick)
    HAL_Init                                 0x08000cf1   Thumb Code    30  stm32g4xx_hal.o(i.HAL_Init)
    HAL_InitTick                             0x08000d11   Thumb Code    74  stm32g4xx_hal.o(i.HAL_InitTick)
    HAL_MspInit                              0x08000d69   Thumb Code    62  stm32g4xx_hal_msp.o(i.HAL_MspInit)
    HAL_NVIC_EnableIRQ                       0x08000dad   Thumb Code    40  stm32g4xx_hal_cortex.o(i.HAL_NVIC_EnableIRQ)
    HAL_NVIC_SetPriority                     0x08000dd5   Thumb Code   122  stm32g4xx_hal_cortex.o(i.HAL_NVIC_SetPriority)
    HAL_NVIC_SetPriorityGrouping             0x08000e51   Thumb Code    32  stm32g4xx_hal_cortex.o(i.HAL_NVIC_SetPriorityGrouping)
    HAL_PWREx_ControlVoltageScaling          0x08000e79   Thumb Code   268  stm32g4xx_hal_pwr_ex.o(i.HAL_PWREx_ControlVoltageScaling)
    HAL_PWREx_DisableUCPDDeadBattery         0x08000f91   Thumb Code    14  stm32g4xx_hal_pwr_ex.o(i.HAL_PWREx_DisableUCPDDeadBattery)
    HAL_RCCEx_PeriphCLKConfig                0x08000fa5   Thumb Code   872  stm32g4xx_hal_rcc_ex.o(i.HAL_RCCEx_PeriphCLKConfig)
    HAL_RCC_ClockConfig                      0x08001315   Thumb Code   522  stm32g4xx_hal_rcc.o(i.HAL_RCC_ClockConfig)
    HAL_RCC_GetHCLKFreq                      0x08001539   Thumb Code     6  stm32g4xx_hal_rcc.o(i.HAL_RCC_GetHCLKFreq)
    HAL_RCC_GetPCLK1Freq                     0x08001545   Thumb Code    26  stm32g4xx_hal_rcc.o(i.HAL_RCC_GetPCLK1Freq)
    HAL_RCC_GetPCLK2Freq                     0x08001569   Thumb Code    26  stm32g4xx_hal_rcc.o(i.HAL_RCC_GetPCLK2Freq)
    HAL_RCC_GetSysClockFreq                  0x0800158d   Thumb Code   138  stm32g4xx_hal_rcc.o(i.HAL_RCC_GetSysClockFreq)
    HAL_RCC_OscConfig                        0x08001625   Thumb Code  1360  stm32g4xx_hal_rcc.o(i.HAL_RCC_OscConfig)
    HAL_SYSTICK_Config                       0x08001b81   Thumb Code    52  stm32g4xx_hal_cortex.o(i.HAL_SYSTICK_Config)
    HAL_UARTEx_DisableFifoMode               0x08001bb5   Thumb Code    78  stm32g4xx_hal_uart_ex.o(i.HAL_UARTEx_DisableFifoMode)
    HAL_UARTEx_RxEventCallback               0x08001c03   Thumb Code     2  stm32g4xx_hal_uart.o(i.HAL_UARTEx_RxEventCallback)
    HAL_UARTEx_RxFifoFullCallback            0x08001c05   Thumb Code     2  stm32g4xx_hal_uart_ex.o(i.HAL_UARTEx_RxFifoFullCallback)
    HAL_UARTEx_SetRxFifoThreshold            0x08001c07   Thumb Code    94  stm32g4xx_hal_uart_ex.o(i.HAL_UARTEx_SetRxFifoThreshold)
    HAL_UARTEx_SetTxFifoThreshold            0x08001c65   Thumb Code    94  stm32g4xx_hal_uart_ex.o(i.HAL_UARTEx_SetTxFifoThreshold)
    HAL_UARTEx_TxFifoEmptyCallback           0x08001cc3   Thumb Code     2  stm32g4xx_hal_uart_ex.o(i.HAL_UARTEx_TxFifoEmptyCallback)
    HAL_UARTEx_WakeupCallback                0x08001cc5   Thumb Code     2  stm32g4xx_hal_uart_ex.o(i.HAL_UARTEx_WakeupCallback)
    HAL_UART_ErrorCallback                   0x08001cc7   Thumb Code    18  uart_dispatch.o(i.HAL_UART_ErrorCallback)
    HAL_UART_IRQHandler                      0x08001cd9   Thumb Code   962  stm32g4xx_hal_uart.o(i.HAL_UART_IRQHandler)
    HAL_UART_Init                            0x080020a9   Thumb Code   120  stm32g4xx_hal_uart.o(i.HAL_UART_Init)
    HAL_UART_MspInit                         0x08002121   Thumb Code   262  usart.o(i.HAL_UART_MspInit)
    HAL_UART_Receive_IT                      0x08002239   Thumb Code    88  stm32g4xx_hal_uart.o(i.HAL_UART_Receive_IT)
    HAL_UART_RxCpltCallback                  0x08002295   Thumb Code    18  uart_dispatch.o(i.HAL_UART_RxCpltCallback)
    HAL_UART_Transmit                        0x080022a7   Thumb Code   212  stm32g4xx_hal_uart.o(i.HAL_UART_Transmit)
    HAL_UART_TxCpltCallback                  0x0800237b   Thumb Code     2  stm32g4xx_hal_uart.o(i.HAL_UART_TxCpltCallback)
    HardFault_Handler                        0x0800237d   Thumb Code     4  stm32g4xx_it.o(i.HardFault_Handler)
    K230Link_GetTarget                       0x08002381   Thumb Code    44  k230_link.o(i.K230Link_GetTarget)
    K230Link_Init                            0x080023b1   Thumb Code    94  k230_link.o(i.K230Link_Init)
    K230Link_Task                            0x0800264d   Thumb Code    70  k230_link.o(i.K230Link_Task)
    K230Link_UartErrorCallback               0x080026a9   Thumb Code    56  k230_link.o(i.K230Link_UartErrorCallback)
    K230Link_UartRxCpltCallback              0x080026f5   Thumb Code   186  k230_link.o(i.K230Link_UartRxCpltCallback)
    MX_GPIO_Init                             0x080027d5   Thumb Code    58  gpio.o(i.MX_GPIO_Init)
    MX_USART1_UART_Init                      0x08002815   Thumb Code    98  usart.o(i.MX_USART1_UART_Init)
    MX_USART2_UART_Init                      0x08002881   Thumb Code    98  usart.o(i.MX_USART2_UART_Init)
    MemManage_Handler                        0x080028ed   Thumb Code     4  stm32g4xx_it.o(i.MemManage_Handler)
    Motor_Disable                            0x0800290b   Thumb Code    18  motor.o(i.Motor_Disable)
    Motor_Enable                             0x0800291d   Thumb Code    18  motor.o(i.Motor_Enable)
    Motor_FeedbackIsFresh                    0x0800292f   Thumb Code    32  motor.o(i.Motor_FeedbackIsFresh)
    Motor_GetMultiPosition                   0x0800298d   Thumb Code    28  motor.o(i.Motor_GetMultiPosition)
    Motor_Init                               0x080029b1   Thumb Code   202  motor.o(i.Motor_Init)
    Motor_RequestFeedback                    0x08002b15   Thumb Code    22  motor.o(i.Motor_RequestFeedback)
    Motor_SetMode                            0x08002bdb   Thumb Code    28  motor.o(i.Motor_SetMode)
    Motor_SetSpeed                           0x08002bf9   Thumb Code   130  motor.o(i.Motor_SetSpeed)
    Motor_UartErrorCallback                  0x08002c85   Thumb Code    36  motor.o(i.Motor_UartErrorCallback)
    Motor_UartRxCpltCallback                 0x08002cb5   Thumb Code    38  motor.o(i.Motor_UartRxCpltCallback)
    NMI_Handler                              0x08002ce5   Thumb Code     4  stm32g4xx_it.o(i.NMI_Handler)
    PendSV_Handler                           0x08002db1   Thumb Code     2  stm32g4xx_it.o(i.PendSV_Handler)
    SVC_Handler                              0x08002e1d   Thumb Code     2  stm32g4xx_it.o(i.SVC_Handler)
    SysTick_Handler                          0x08002e1f   Thumb Code     8  stm32g4xx_it.o(i.SysTick_Handler)
    SystemClock_Config                       0x08002e27   Thumb Code   108  main.o(i.SystemClock_Config)
    SystemInit                               0x08002e95   Thumb Code    14  system_stm32g4xx.o(i.SystemInit)
    UART_AdvFeatureConfig                    0x08002f01   Thumb Code   248  stm32g4xx_hal_uart.o(i.UART_AdvFeatureConfig)
    UART_CheckIdleState                      0x08002ff9   Thumb Code   234  stm32g4xx_hal_uart.o(i.UART_CheckIdleState)
    UART_SetConfig                           0x08003791   Thumb Code   858  stm32g4xx_hal_uart.o(i.UART_SetConfig)
    UART_Start_Receive_IT                    0x08003b15   Thumb Code   332  stm32g4xx_hal_uart.o(i.UART_Start_Receive_IT)
    UART_WaitOnFlagUntilTimeout              0x08003c71   Thumb Code   172  stm32g4xx_hal_uart.o(i.UART_WaitOnFlagUntilTimeout)
    USART1_IRQHandler                        0x08003d1d   Thumb Code    10  stm32g4xx_it.o(i.USART1_IRQHandler)
    USART2_IRQHandler                        0x08003d2d   Thumb Code    10  stm32g4xx_it.o(i.USART2_IRQHandler)
    UsageFault_Handler                       0x08003d3d   Thumb Code     4  stm32g4xx_it.o(i.UsageFault_Handler)
    VisionControl_Init                       0x08003d99   Thumb Code    78  vision_control.o(i.VisionControl_Init)
    VisionControl_Task                       0x08003e31   Thumb Code   440  vision_control.o(i.VisionControl_Task)
    main                                     0x0800403d   Thumb Code    42  main.o(i.main)
    _fp_init                                 0x08004071   Thumb Code    10  fpinit.o(x$fpl$fpinit)
    __fplib_config_fpu_vfp                   0x08004079   Thumb Code     0  fpinit.o(x$fpl$fpinit)
    __fplib_config_pureend_doubles           0x08004079   Thumb Code     0  fpinit.o(x$fpl$fpinit)
    UARTPrescTable                           0x08004098   Data          24  stm32g4xx_hal_uart.o(.constdata)
    AHBPrescTable                            0x080040c0   Data          16  system_stm32g4xx.o(.constdata)
    APBPrescTable                            0x080040d0   Data           8  system_stm32g4xx.o(.constdata)
    Region$$Table$$Base                      0x080040d8   Number         0  anon$$obj.o(Region$$Table)
    Region$$Table$$Limit                     0x080040f8   Number         0  anon$$obj.o(Region$$Table)
    uwTick                                   0x20000020   Data           4  stm32g4xx_hal.o(.data)
    uwTickPrio                               0x20000024   Data           4  stm32g4xx_hal.o(.data)
    uwTickFreq                               0x20000028   Data           4  stm32g4xx_hal.o(.data)
    SystemCoreClock                          0x2000002c   Data           4  system_stm32g4xx.o(.data)
    huart1                                   0x20000030   Data         148  usart.o(.bss)
    huart2                                   0x200000c4   Data         148  usart.o(.bss)
    __libspace_start                         0x20000330   Data          96  libspace.o(.bss)
    __temporary_stack_top$libspace           0x20000390   Data           0  libspace.o(.bss)



==============================================================================

Memory Map of the image

  Image Entry point : 0x080001d9

  Load Region LR_IROM1 (Base: 0x08000000, Size: 0x00004128, Max: 0x00020000, ABSOLUTE)

    Execution Region ER_IROM1 (Exec base: 0x08000000, Load base: 0x08000000, Size: 0x000040f8, Max: 0x00020000, ABSOLUTE)

    Exec Addr    Load Addr    Size         Type   Attr      Idx    E Section Name        Object

    0x08000000   0x08000000   0x000001d8   Data   RO            3    RESET               startup_stm32g431xx.o
    0x080001d8   0x080001d8   0x00000008   Code   RO         2931  * !!!main             c_w.l(__main.o)
    0x080001e0   0x080001e0   0x00000034   Code   RO         3100    !!!scatter          c_w.l(__scatter.o)
    0x08000214   0x08000214   0x0000001a   Code   RO         3102    !!handler_copy      c_w.l(__scatter_copy.o)
    0x0800022e   0x0800022e   0x00000002   PAD
    0x08000230   0x08000230   0x0000001c   Code   RO         3104    !!handler_zi        c_w.l(__scatter_zi.o)
    0x0800024c   0x0800024c   0x00000002   Code   RO         2968    .ARM.Collect$$libinit$$00000000  c_w.l(libinit.o)
    0x0800024e   0x0800024e   0x00000004   Code   RO         2980    .ARM.Collect$$libinit$$00000001  c_w.l(libinit2.o)
    0x08000252   0x08000252   0x00000000   Code   RO         2983    .ARM.Collect$$libinit$$00000004  c_w.l(libinit2.o)
    0x08000252   0x08000252   0x00000000   Code   RO         2986    .ARM.Collect$$libinit$$0000000A  c_w.l(libinit2.o)
    0x08000252   0x08000252   0x00000000   Code   RO         2988    .ARM.Collect$$libinit$$0000000C  c_w.l(libinit2.o)
    0x08000252   0x08000252   0x00000000   Code   RO         2990    .ARM.Collect$$libinit$$0000000E  c_w.l(libinit2.o)
    0x08000252   0x08000252   0x00000000   Code   RO         2993    .ARM.Collect$$libinit$$00000011  c_w.l(libinit2.o)
    0x08000252   0x08000252   0x00000000   Code   RO         2995    .ARM.Collect$$libinit$$00000013  c_w.l(libinit2.o)
    0x08000252   0x08000252   0x00000000   Code   RO         2997    .ARM.Collect$$libinit$$00000015  c_w.l(libinit2.o)
    0x08000252   0x08000252   0x00000000   Code   RO         2999    .ARM.Collect$$libinit$$00000017  c_w.l(libinit2.o)
    0x08000252   0x08000252   0x00000000   Code   RO         3001    .ARM.Collect$$libinit$$00000019  c_w.l(libinit2.o)
    0x08000252   0x08000252   0x00000000   Code   RO         3003    .ARM.Collect$$libinit$$0000001B  c_w.l(libinit2.o)
    0x08000252   0x08000252   0x00000000   Code   RO         3005    .ARM.Collect$$libinit$$0000001D  c_w.l(libinit2.o)
    0x08000252   0x08000252   0x00000000   Code   RO         3007    .ARM.Collect$$libinit$$0000001F  c_w.l(libinit2.o)
    0x08000252   0x08000252   0x00000000   Code   RO         3009    .ARM.Collect$$libinit$$00000021  c_w.l(libinit2.o)
    0x08000252   0x08000252   0x00000000   Code   RO         3011    .ARM.Collect$$libinit$$00000023  c_w.l(libinit2.o)
    0x08000252   0x08000252   0x00000000   Code   RO         3013    .ARM.Collect$$libinit$$00000025  c_w.l(libinit2.o)
    0x08000252   0x08000252   0x00000000   Code   RO         3017    .ARM.Collect$$libinit$$0000002C  c_w.l(libinit2.o)
    0x08000252   0x08000252   0x00000000   Code   RO         3019    .ARM.Collect$$libinit$$0000002E  c_w.l(libinit2.o)
    0x08000252   0x08000252   0x00000000   Code   RO         3021    .ARM.Collect$$libinit$$00000030  c_w.l(libinit2.o)
    0x08000252   0x08000252   0x00000000   Code   RO         3023    .ARM.Collect$$libinit$$00000032  c_w.l(libinit2.o)
    0x08000252   0x08000252   0x00000002   Code   RO         3024    .ARM.Collect$$libinit$$00000033  c_w.l(libinit2.o)
    0x08000254   0x08000254   0x00000002   Code   RO         3055    .ARM.Collect$$libshutdown$$00000000  c_w.l(libshutdown.o)
    0x08000256   0x08000256   0x00000000   Code   RO         3081    .ARM.Collect$$libshutdown$$00000002  c_w.l(libshutdown2.o)
    0x08000256   0x08000256   0x00000000   Code   RO         3083    .ARM.Collect$$libshutdown$$00000004  c_w.l(libshutdown2.o)
    0x08000256   0x08000256   0x00000000   Code   RO         3085    .ARM.Collect$$libshutdown$$00000006  c_w.l(libshutdown2.o)
    0x08000256   0x08000256   0x00000000   Code   RO         3088    .ARM.Collect$$libshutdown$$00000009  c_w.l(libshutdown2.o)
    0x08000256   0x08000256   0x00000000   Code   RO         3091    .ARM.Collect$$libshutdown$$0000000C  c_w.l(libshutdown2.o)
    0x08000256   0x08000256   0x00000000   Code   RO         3093    .ARM.Collect$$libshutdown$$0000000E  c_w.l(libshutdown2.o)
    0x08000256   0x08000256   0x00000000   Code   RO         3096    .ARM.Collect$$libshutdown$$00000011  c_w.l(libshutdown2.o)
    0x08000256   0x08000256   0x00000002   Code   RO         3097    .ARM.Collect$$libshutdown$$00000012  c_w.l(libshutdown2.o)
    0x08000258   0x08000258   0x00000000   Code   RO         2933    .ARM.Collect$$rtentry$$00000000  c_w.l(__rtentry.o)
    0x08000258   0x08000258   0x00000000   Code   RO         2939    .ARM.Collect$$rtentry$$00000002  c_w.l(__rtentry2.o)
    0x08000258   0x08000258   0x00000006   Code   RO         2951    .ARM.Collect$$rtentry$$00000004  c_w.l(__rtentry4.o)
    0x0800025e   0x0800025e   0x00000000   Code   RO         2941    .ARM.Collect$$rtentry$$00000009  c_w.l(__rtentry2.o)
    0x0800025e   0x0800025e   0x00000004   Code   RO         2942    .ARM.Collect$$rtentry$$0000000A  c_w.l(__rtentry2.o)
    0x08000262   0x08000262   0x00000000   Code   RO         2944    .ARM.Collect$$rtentry$$0000000C  c_w.l(__rtentry2.o)
    0x08000262   0x08000262   0x00000008   Code   RO         2945    .ARM.Collect$$rtentry$$0000000D  c_w.l(__rtentry2.o)
    0x0800026a   0x0800026a   0x00000002   Code   RO         2972    .ARM.Collect$$rtexit$$00000000  c_w.l(rtexit.o)
    0x0800026c   0x0800026c   0x00000000   Code   RO         3028    .ARM.Collect$$rtexit$$00000002  c_w.l(rtexit2.o)
    0x0800026c   0x0800026c   0x00000004   Code   RO         3029    .ARM.Collect$$rtexit$$00000003  c_w.l(rtexit2.o)
    0x08000270   0x08000270   0x00000006   Code   RO         3030    .ARM.Collect$$rtexit$$00000004  c_w.l(rtexit2.o)
    0x08000276   0x08000276   0x00000002   PAD
    0x08000278   0x08000278   0x00000040   Code   RO            4    .text               startup_stm32g431xx.o
    0x080002b8   0x080002b8   0x000000ee   Code   RO         2921    .text               c_w.l(lludivv7m.o)
    0x080003a6   0x080003a6   0x00000058   Code   RO         2923    .text               c_w.l(memcmp.o)
    0x080003fe   0x080003fe   0x00000064   Code   RO         2925    .text               c_w.l(rt_memcpy_w.o)
    0x08000462   0x08000462   0x0000004e   Code   RO         2927    .text               c_w.l(rt_memclr_w.o)
    0x080004b0   0x080004b0   0x00000006   Code   RO         2929    .text               c_w.l(heapauxi.o)
    0x080004b6   0x080004b6   0x0000004a   Code   RO         2955    .text               c_w.l(sys_stackheap_outer.o)
    0x08000500   0x08000500   0x00000012   Code   RO         2957    .text               c_w.l(exit.o)
    0x08000512   0x08000512   0x00000002   PAD
    0x08000514   0x08000514   0x00000008   Code   RO         2969    .text               c_w.l(libspace.o)
    0x0800051c   0x0800051c   0x0000000c   Code   RO         3025    .text               c_w.l(sys_exit.o)
    0x08000528   0x08000528   0x00000002   Code   RO         3044    .text               c_w.l(use_no_semi.o)
    0x0800052a   0x0800052a   0x00000000   Code   RO         3046    .text               c_w.l(indicate_semi.o)
    0x0800052a   0x0800052a   0x00000002   PAD
    0x0800052c   0x0800052c   0x00000094   Code   RO          339    i.Application_Init  application.o
    0x080005c0   0x080005c0   0x0000002c   Code   RO          341    i.Application_Task  application.o
    0x080005ec   0x080005ec   0x00000004   Code   RO          227    i.BusFault_Handler  stm32g4xx_it.o
    0x080005f0   0x080005f0   0x0000002a   Code   RO          395    i.Control_Clamp     control.o
    0x0800061a   0x0800061a   0x00000002   PAD
    0x0800061c   0x0800061c   0x00000064   Code   RO          396    i.Control_Init      control.o
    0x08000680   0x08000680   0x00000008   Code   RO          398    i.Control_SetTargetPosition  control.o
    0x08000688   0x08000688   0x00000074   Code   RO          399    i.Control_ShortestPositionError  control.o
    0x080006fc   0x080006fc   0x0000005e   Code   RO          400    i.Control_Start     control.o
    0x0800075a   0x0800075a   0x00000002   PAD
    0x0800075c   0x0800075c   0x0000003c   Code   RO          401    i.Control_Stop      control.o
    0x08000798   0x08000798   0x000000d8   Code   RO          403    i.Control_UpdateAndSend  control.o
    0x08000870   0x08000870   0x0000004c   Code   RO          404    i.Control_UpdateTrajectory  control.o
    0x080008bc   0x080008bc   0x00000002   Code   RO          228    i.DebugMon_Handler  stm32g4xx_it.o
    0x080008be   0x080008be   0x00000020   Code   RO          405    i.DualControl_Init  control.o
    0x080008de   0x080008de   0x00000054   Code   RO          406    i.DualControl_Start  control.o
    0x08000932   0x08000932   0x00000002   PAD
    0x08000934   0x08000934   0x0000007c   Code   RO          408    i.DualControl_Task  control.o
    0x080009b0   0x080009b0   0x00000006   Code   RO           13    i.Error_Handler     main.o
    0x080009b6   0x080009b6   0x0000007e   Code   RO         2469    i.HAL_DMA_Abort     stm32g4xx_hal_dma.o
    0x08000a34   0x08000a34   0x00000094   Code   RO         2470    i.HAL_DMA_Abort_IT  stm32g4xx_hal_dma.o
    0x08000ac8   0x08000ac8   0x00000028   Code   RO         1562    i.HAL_Delay         stm32g4xx_hal.o
    0x08000af0   0x08000af0   0x000001dc   Code   RO         2331    i.HAL_GPIO_Init     stm32g4xx_hal_gpio.o
    0x08000ccc   0x08000ccc   0x0000000c   Code   RO         1566    i.HAL_GetTick       stm32g4xx_hal.o
    0x08000cd8   0x08000cd8   0x00000018   Code   RO         1572    i.HAL_IncTick       stm32g4xx_hal.o
    0x08000cf0   0x08000cf0   0x0000001e   Code   RO         1573    i.HAL_Init          stm32g4xx_hal.o
    0x08000d0e   0x08000d0e   0x00000002   PAD
    0x08000d10   0x08000d10   0x00000058   Code   RO         1574    i.HAL_InitTick      stm32g4xx_hal.o
    0x08000d68   0x08000d68   0x00000044   Code   RO          315    i.HAL_MspInit       stm32g4xx_hal_msp.o
    0x08000dac   0x08000dac   0x00000028   Code   RO         2740    i.HAL_NVIC_EnableIRQ  stm32g4xx_hal_cortex.o
    0x08000dd4   0x08000dd4   0x0000007a   Code   RO         2746    i.HAL_NVIC_SetPriority  stm32g4xx_hal_cortex.o
    0x08000e4e   0x08000e4e   0x00000002   PAD
    0x08000e50   0x08000e50   0x00000028   Code   RO         2747    i.HAL_NVIC_SetPriorityGrouping  stm32g4xx_hal_cortex.o
    0x08000e78   0x08000e78   0x00000118   Code   RO          768    i.HAL_PWREx_ControlVoltageScaling  stm32g4xx_hal_pwr_ex.o
    0x08000f90   0x08000f90   0x00000014   Code   RO          780    i.HAL_PWREx_DisableUCPDDeadBattery  stm32g4xx_hal_pwr_ex.o
    0x08000fa4   0x08000fa4   0x00000370   Code   RO         1938    i.HAL_RCCEx_PeriphCLKConfig  stm32g4xx_hal_rcc_ex.o
    0x08001314   0x08001314   0x00000224   Code   RO         1808    i.HAL_RCC_ClockConfig  stm32g4xx_hal_rcc.o
    0x08001538   0x08001538   0x0000000c   Code   RO         1814    i.HAL_RCC_GetHCLKFreq  stm32g4xx_hal_rcc.o
    0x08001544   0x08001544   0x00000024   Code   RO         1816    i.HAL_RCC_GetPCLK1Freq  stm32g4xx_hal_rcc.o
    0x08001568   0x08001568   0x00000024   Code   RO         1817    i.HAL_RCC_GetPCLK2Freq  stm32g4xx_hal_rcc.o
    0x0800158c   0x0800158c   0x00000098   Code   RO         1818    i.HAL_RCC_GetSysClockFreq  stm32g4xx_hal_rcc.o
    0x08001624   0x08001624   0x0000055c   Code   RO         1821    i.HAL_RCC_OscConfig  stm32g4xx_hal_rcc.o
    0x08001b80   0x08001b80   0x00000034   Code   RO         2751    i.HAL_SYSTICK_Config  stm32g4xx_hal_cortex.o
    0x08001bb4   0x08001bb4   0x0000004e   Code   RO         1432    i.HAL_UARTEx_DisableFifoMode  stm32g4xx_hal_uart_ex.o
    0x08001c02   0x08001c02   0x00000002   Code   RO         1016    i.HAL_UARTEx_RxEventCallback  stm32g4xx_hal_uart.o
    0x08001c04   0x08001c04   0x00000002   Code   RO         1440    i.HAL_UARTEx_RxFifoFullCallback  stm32g4xx_hal_uart_ex.o
    0x08001c06   0x08001c06   0x0000005e   Code   RO         1441    i.HAL_UARTEx_SetRxFifoThreshold  stm32g4xx_hal_uart_ex.o
    0x08001c64   0x08001c64   0x0000005e   Code   RO         1442    i.HAL_UARTEx_SetTxFifoThreshold  stm32g4xx_hal_uart_ex.o
    0x08001cc2   0x08001cc2   0x00000002   Code   RO         1444    i.HAL_UARTEx_TxFifoEmptyCallback  stm32g4xx_hal_uart_ex.o
    0x08001cc4   0x08001cc4   0x00000002   Code   RO         1445    i.HAL_UARTEx_WakeupCallback  stm32g4xx_hal_uart_ex.o
    0x08001cc6   0x08001cc6   0x00000012   Code   RO          737    i.HAL_UART_ErrorCallback  uart_dispatch.o
    0x08001cd8   0x08001cd8   0x000003d0   Code   RO         1035    i.HAL_UART_IRQHandler  stm32g4xx_hal_uart.o
    0x080020a8   0x080020a8   0x00000078   Code   RO         1036    i.HAL_UART_Init     stm32g4xx_hal_uart.o
    0x08002120   0x08002120   0x00000118   Code   RO          180    i.HAL_UART_MspInit  usart.o
    0x08002238   0x08002238   0x0000005c   Code   RO         1041    i.HAL_UART_Receive_IT  stm32g4xx_hal_uart.o
    0x08002294   0x08002294   0x00000012   Code   RO          738    i.HAL_UART_RxCpltCallback  uart_dispatch.o
    0x080022a6   0x080022a6   0x000000d4   Code   RO         1045    i.HAL_UART_Transmit  stm32g4xx_hal_uart.o
    0x0800237a   0x0800237a   0x00000002   Code   RO         1048    i.HAL_UART_TxCpltCallback  stm32g4xx_hal_uart.o
    0x0800237c   0x0800237c   0x00000004   Code   RO          229    i.HardFault_Handler  stm32g4xx_it.o
    0x08002380   0x08002380   0x00000030   Code   RO          623    i.K230Link_GetTarget  k230_link.o
    0x080023b0   0x080023b0   0x00000084   Code   RO          624    i.K230Link_Init     k230_link.o
    0x08002434   0x08002434   0x0000019c   Code   RO          625    i.K230Link_ParseFrame  k230_link.o
    0x080025d0   0x080025d0   0x0000007c   Code   RO          626    i.K230Link_ParseUnsigned  k230_link.o
    0x0800264c   0x0800264c   0x0000005c   Code   RO          627    i.K230Link_Task     k230_link.o
    0x080026a8   0x080026a8   0x0000004c   Code   RO          628    i.K230Link_UartErrorCallback  k230_link.o
    0x080026f4   0x080026f4   0x000000e0   Code   RO          629    i.K230Link_UartRxCpltCallback  k230_link.o
    0x080027d4   0x080027d4   0x00000040   Code   RO          155    i.MX_GPIO_Init      gpio.o
    0x08002814   0x08002814   0x0000006c   Code   RO          181    i.MX_USART1_UART_Init  usart.o
    0x08002880   0x08002880   0x0000006c   Code   RO          182    i.MX_USART2_UART_Init  usart.o
    0x080028ec   0x080028ec   0x00000004   Code   RO          230    i.MemManage_Handler  stm32g4xx_it.o
    0x080028f0   0x080028f0   0x0000001a   Code   RO          504    i.Motor_Bcc         motor.o
    0x0800290a   0x0800290a   0x00000012   Code   RO          505    i.Motor_Disable     motor.o
    0x0800291c   0x0800291c   0x00000012   Code   RO          506    i.Motor_Enable      motor.o
    0x0800292e   0x0800292e   0x00000020   Code   RO          507    i.Motor_FeedbackIsFresh  motor.o
    0x0800294e   0x0800294e   0x00000002   PAD
    0x08002950   0x08002950   0x0000003c   Code   RO          508    i.Motor_FindById    motor.o
    0x0800298c   0x0800298c   0x00000024   Code   RO          509    i.Motor_GetMultiPosition  motor.o
    0x080029b0   0x080029b0   0x000000e0   Code   RO          511    i.Motor_Init        motor.o
    0x08002a90   0x08002a90   0x00000084   Code   RO          512    i.Motor_ParseFeedback  motor.o
    0x08002b14   0x08002b14   0x00000016   Code   RO          513    i.Motor_RequestFeedback  motor.o
    0x08002b2a   0x08002b2a   0x00000002   PAD
    0x08002b2c   0x08002b2c   0x00000040   Code   RO          514    i.Motor_RxByte      motor.o
    0x08002b6c   0x08002b6c   0x0000006e   Code   RO          515    i.Motor_Send        motor.o
    0x08002bda   0x08002bda   0x0000001c   Code   RO          516    i.Motor_SetMode     motor.o
    0x08002bf6   0x08002bf6   0x00000002   PAD
    0x08002bf8   0x08002bf8   0x0000008c   Code   RO          518    i.Motor_SetSpeed    motor.o
    0x08002c84   0x08002c84   0x00000030   Code   RO          519    i.Motor_UartErrorCallback  motor.o
    0x08002cb4   0x08002cb4   0x00000030   Code   RO          520    i.Motor_UartRxCpltCallback  motor.o
    0x08002ce4   0x08002ce4   0x00000004   Code   RO          231    i.NMI_Handler       stm32g4xx_it.o
    0x08002ce8   0x08002ce8   0x00000018   Code   RO          409    i.PID_Reset         control.o
    0x08002d00   0x08002d00   0x000000b0   Code   RO          410    i.PID_Update        control.o
    0x08002db0   0x08002db0   0x00000002   Code   RO          232    i.PendSV_Handler    stm32g4xx_it.o
    0x08002db2   0x08002db2   0x00000002   PAD
    0x08002db4   0x08002db4   0x00000068   Code   RO         1822    i.RCC_GetSysClockFreqFromPLLSource  stm32g4xx_hal_rcc.o
    0x08002e1c   0x08002e1c   0x00000002   Code   RO          233    i.SVC_Handler       stm32g4xx_it.o
    0x08002e1e   0x08002e1e   0x00000008   Code   RO          234    i.SysTick_Handler   stm32g4xx_it.o
    0x08002e26   0x08002e26   0x0000006c   Code   RO           14    i.SystemClock_Config  main.o
    0x08002e92   0x08002e92   0x00000002   PAD
    0x08002e94   0x08002e94   0x00000014   Code   RO         2886    i.SystemInit        system_stm32g4xx.o
    0x08002ea8   0x08002ea8   0x00000058   Code   RO         1446    i.UARTEx_SetNbDataToProcess  stm32g4xx_hal_uart_ex.o
    0x08002f00   0x08002f00   0x000000f8   Code   RO         1050    i.UART_AdvFeatureConfig  stm32g4xx_hal_uart.o
    0x08002ff8   0x08002ff8   0x000000ea   Code   RO         1051    i.UART_CheckIdleState  stm32g4xx_hal_uart.o
    0x080030e2   0x080030e2   0x0000000e   Code   RO         1052    i.UART_DMAAbortOnError  stm32g4xx_hal_uart.o
    0x080030f0   0x080030f0   0x0000006c   Code   RO         1062    i.UART_EndRxTransfer  stm32g4xx_hal_uart.o
    0x0800315c   0x0800315c   0x00000030   Code   RO         1063    i.UART_EndTransmit_IT  stm32g4xx_hal_uart.o
    0x0800318c   0x0800318c   0x00000104   Code   RO         1065    i.UART_RxISR_16BIT  stm32g4xx_hal_uart.o
    0x08003290   0x08003290   0x00000200   Code   RO         1066    i.UART_RxISR_16BIT_FIFOEN  stm32g4xx_hal_uart.o
    0x08003490   0x08003490   0x00000104   Code   RO         1067    i.UART_RxISR_8BIT   stm32g4xx_hal_uart.o
    0x08003594   0x08003594   0x000001fc   Code   RO         1068    i.UART_RxISR_8BIT_FIFOEN  stm32g4xx_hal_uart.o
    0x08003790   0x08003790   0x00000384   Code   RO         1069    i.UART_SetConfig    stm32g4xx_hal_uart.o
    0x08003b14   0x08003b14   0x0000015c   Code   RO         1071    i.UART_Start_Receive_IT  stm32g4xx_hal_uart.o
    0x08003c70   0x08003c70   0x000000ac   Code   RO         1076    i.UART_WaitOnFlagUntilTimeout  stm32g4xx_hal_uart.o
    0x08003d1c   0x08003d1c   0x00000010   Code   RO          235    i.USART1_IRQHandler  stm32g4xx_it.o
    0x08003d2c   0x08003d2c   0x00000010   Code   RO          236    i.USART2_IRQHandler  stm32g4xx_it.o
    0x08003d3c   0x08003d3c   0x00000004   Code   RO          237    i.UsageFault_Handler  stm32g4xx_it.o
    0x08003d40   0x08003d40   0x0000002c   Code   RO          692    i.VisionControl_ApplyDeadZone  vision_control.o
    0x08003d6c   0x08003d6c   0x0000002a   Code   RO          693    i.VisionControl_Clamp  vision_control.o
    0x08003d96   0x08003d96   0x00000002   PAD
    0x08003d98   0x08003d98   0x0000005c   Code   RO          694    i.VisionControl_Init  vision_control.o
    0x08003df4   0x08003df4   0x0000003c   Code   RO          695    i.VisionControl_SetNeutral  vision_control.o
    0x08003e30   0x08003e30   0x000001d4   Code   RO          696    i.VisionControl_Task  vision_control.o
    0x08004004   0x08004004   0x00000010   Code   RO         2753    i.__NVIC_GetPriorityGrouping  stm32g4xx_hal_cortex.o
    0x08004014   0x08004014   0x00000028   Code   RO         2754    i.__NVIC_SetPriority  stm32g4xx_hal_cortex.o
    0x0800403c   0x0800403c   0x00000034   Code   RO           15    i.main              main.o
    0x08004070   0x08004070   0x0000000a   Code   RO         3040    x$fpl$fpinit        fz_wm.l(fpinit.o)
    0x0800407a   0x0800407a   0x00000002   PAD
    0x0800407c   0x0800407c   0x0000001c   Data   RO          411    .constdata          control.o
    0x08004098   0x08004098   0x00000018   Data   RO         1077    .constdata          stm32g4xx_hal_uart.o
    0x080040b0   0x080040b0   0x00000010   Data   RO         1448    .constdata          stm32g4xx_hal_uart_ex.o
    0x080040c0   0x080040c0   0x00000018   Data   RO         2887    .constdata          system_stm32g4xx.o
    0x080040d8   0x080040d8   0x00000020   Data   RO         3098    Region$$Table       anon$$obj.o


    Execution Region RW_IRAM1 (Exec base: 0x20000000, Load base: 0x080040f8, Size: 0x00000990, Max: 0x00008000, ABSOLUTE)

    Exec Addr    Load Addr    Size         Type   Attr      Idx    E Section Name        Object

    0x20000000   0x080040f8   0x00000001   Data   RW          343    .data               application.o
    0x20000001   0x080040f9   0x00000003   PAD
    0x20000004   0x080040fc   0x0000000f   Data   RW          522    .data               motor.o
    0x20000013   0x0800410b   0x00000001   PAD
    0x20000014   0x0800410c   0x0000000c   Data   RW          631    .data               k230_link.o
    0x20000020   0x08004118   0x0000000c   Data   RW         1593    .data               stm32g4xx_hal.o
    0x2000002c   0x08004124   0x00000004   Data   RW         2888    .data               system_stm32g4xx.o
    0x20000030        -       0x00000128   Zero   RW          183    .bss                usart.o
    0x20000158        -       0x000000e4   Zero   RW          342    .bss                application.o
    0x2000023c        -       0x00000009   Zero   RW          521    .bss                motor.o
    0x20000245   0x08004128   0x00000003   PAD
    0x20000248        -       0x000000e8   Zero   RW          630    .bss                k230_link.o
    0x20000330        -       0x00000060   Zero   RW         2970    .bss                c_w.l(libspace.o)
    0x20000390        -       0x00000200   Zero   RW            2    HEAP                startup_stm32g431xx.o
    0x20000590        -       0x00000400   Zero   RW            1    STACK               startup_stm32g431xx.o


==============================================================================

Image component sizes


      Code (inc. data)   RO Data    RW Data    ZI Data      Debug   Object Name

       192         42          0          1        228       5234   application.o
      1152         46         28          0          0       9244   control.o
        64          6          0          0          0        823   gpio.o
      1108        144          0         12        232       6316   k230_link.o
       166         10          0          0          0     576669   main.o
      1006         86          0         15          9      10459   motor.o
        64         26        472          0       1536        856   startup_stm32g431xx.o
       194         32          0         12          0       4413   stm32g4xx_hal.o
       310         22          0          0          0      34439   stm32g4xx_hal_cortex.o
       274          0          0          0          0       1863   stm32g4xx_hal_dma.o
       476         34          0          0          0       1448   stm32g4xx_hal_gpio.o
        68          6          0          0          0        882   stm32g4xx_hal_msp.o
       300         18          0          0          0       1437   stm32g4xx_hal_pwr_ex.o
      2260        106          0          0          0       7368   stm32g4xx_hal_rcc.o
       880          8          0          0          0       1924   stm32g4xx_hal_rcc_ex.o
      5016        136         24          0          0      37581   stm32g4xx_hal_uart.o
       360         10         16          0          0       5546   stm32g4xx_hal_uart_ex.o
        66         12          0          0          0       5362   stm32g4xx_it.o
        20          6         24          4          0       1171   system_stm32g4xx.o
        36          0          0          0          0       1455   uart_dispatch.o
       496         38          0          0        296       2579   usart.o
       706         56          0          0          0       3918   vision_control.o

    ----------------------------------------------------------------------
     15236        844        596         48       2304     720987   Object Totals
         0          0         32          0          0          0   (incl. Generated)
        22          0          0          4          3          0   (incl. Padding)

    ----------------------------------------------------------------------

      Code (inc. data)   RO Data    RW Data    ZI Data      Debug   Library Member Name

         8          0          0          0          0         68   __main.o
         0          0          0          0          0          0   __rtentry.o
        12          0          0          0          0          0   __rtentry2.o
         6          0          0          0          0          0   __rtentry4.o
        52          8          0          0          0          0   __scatter.o
        26          0          0          0          0          0   __scatter_copy.o
        28          0          0          0          0          0   __scatter_zi.o
        18          0          0          0          0         80   exit.o
         6          0          0          0          0        152   heapauxi.o
         0          0          0          0          0          0   indicate_semi.o
         2          0          0          0          0          0   libinit.o
         6          0          0          0          0          0   libinit2.o
         2          0          0          0          0          0   libshutdown.o
         2          0          0          0          0          0   libshutdown2.o
         8          4          0          0         96         68   libspace.o
       238          0          0          0          0        100   lludivv7m.o
        88          0          0          0          0         76   memcmp.o
        78          0          0          0          0         80   rt_memclr_w.o
       100          0          0          0          0         80   rt_memcpy_w.o
         2          0          0          0          0          0   rtexit.o
        10          0          0          0          0          0   rtexit2.o
        12          4          0          0          0         68   sys_exit.o
        74          0          0          0          0         80   sys_stackheap_outer.o
         2          0          0          0          0         68   use_no_semi.o
        10          0          0          0          0        116   fpinit.o

    ----------------------------------------------------------------------
       800         16          0          0         96       1036   Library Totals
        10          0          0          0          0          0   (incl. Padding)

    ----------------------------------------------------------------------

      Code (inc. data)   RO Data    RW Data    ZI Data      Debug   Library Name

       780         16          0          0         96        920   c_w.l
        10          0          0          0          0        116   fz_wm.l

    ----------------------------------------------------------------------
       800         16          0          0         96       1036   Library Totals

    ----------------------------------------------------------------------

==============================================================================


      Code (inc. data)   RO Data    RW Data    ZI Data      Debug   

     16036        860        596         48       2400     711259   Grand Totals
     16036        860        596         48       2400     711259   ELF Image Totals
     16036        860        596         48          0          0   ROM Totals

==============================================================================

    Total RO  Size (Code + RO Data)                16632 (  16.24kB)
    Total RW  Size (RW Data + ZI Data)              2448 (   2.39kB)
    Total ROM Size (Code + RO Data + RW Data)      16680 (  16.29kB)

==============================================================================

