*** Using Compiler 'V5.06 update 7 (build 960)', folder: 'D:\Keil5\ARM\ARMCC\Bin'
Build target 'MiniBalance'
assembling startup_stm32f10x_md.s...
compiling stm32f10x_crc.c...
compiling core_cm3.c...
compiling stm32f10x_adc.c...
compiling stm32f10x_bkp.c...
compiling misc.c...
compiling system_stm32f10x.c...
compiling stm32f10x_cec.c...
compiling stm32f10x_dac.c...
compiling stm32f10x_it.c...
compiling stm32f10x_dbgmcu.c...
compiling stm32f10x_exti.c...
compiling stm32f10x_dma.c...
compiling MiniBalance.c...
compiling stm32f10x_flash.c...
compiling stm32f10x_can.c...
compiling stm32f10x_fsmc.c...
compiling stm32f10x_gpio.c...
compiling stm32f10x_i2c.c...
compiling stm32f10x_sdio.c...
compiling stm32f10x_iwdg.c...
compiling stm32f10x_pwr.c...
compiling stm32f10x_rcc.c...
compiling stm32f10x_wwdg.c...
compiling led.c...
compiling delay.c...
compiling stm32f10x_spi.c...
compiling stm32f10x_rtc.c...
compiling usart.c...
compiling stm32f10x_usart.c...
compiling adc.c...
compiling timer.c...
compiling oled.c...
compiling show.c...
compiling stm32f10x_tim.c...
compiling sys.c...
compiling key.c...
compiling motor.c...
compiling control.c...
..\MiniBalance\CONTROL\control.c(232): warning:  #223-D: function "abs" declared implicitly
      OLED_ShowNumber(24,  0, (int)abs(BLDC_Motor1.speed), 4, 12);
..\MiniBalance\CONTROL\control.c: 1 warning, 0 errors
linking...
Program Size: Code=17352 RO-data=3080 RW-data=132 ZI-data=2116  
FromELF: creating hex file...
After Build - User command #1: fromelf --bin --output=..\WHEELTEC.bin ..\OBJ\Minibalance.axf
"..\OBJ\MiniBalance.axf" - 0 Error(s), 1 Warning(s).
Build Time Elapsed:  00:00:01
